../source/practica_uart.c:52:6:UART0_init	8	static
../source/practica_uart.c:73:6:UART0_flush	8	static
../source/practica_uart.c:82:6:UART0_putc	16	static
../source/practica_uart.c:88:6:UART0_getc	8	static
../source/practica_uart.c:96:5:UART0_kbhit	8	static
../source/practica_uart.c:102:6:UART0_puts	16	static
../source/practica_uart.c:113:6:UART0_putn	32	static
../source/practica_uart.c:132:6:timers_init	8	static
../source/practica_uart.c:143:6:delayMs	24	static
../source/practica_uart.c:154:6:delayUs	24	static
../source/practica_uart.c:165:6:LED_init	8	static
../source/practica_uart.c:183:6:LED_set	16	static
../source/practica_uart.c:190:5:seleccion	24	static
../source/practica_uart.c:212:6:keypad_init	16	static
../source/practica_uart.c:222:6:keypad_getkey	16	static
../source/practica_uart.c:251:6:esperar_tecla	24	static
../source/practica_uart.c:268:6:ADC_init	8	static
../source/practica_uart.c:281:14:ADC_read	16	static
../source/practica_uart.c:289:6:buttons_init	8	static
../source/practica_uart.c:297:14:buttons_read	16	static
../source/practica_uart.c:307:6:showMenu	8	static
../source/practica_uart.c:322:6:optionLED	24	static
../source/practica_uart.c:356:6:optionADC	16	static
../source/practica_uart.c:385:6:optionKeypad	24	static
../source/practica_uart.c:419:6:optionButtons	16	static
../source/practica_uart.c:447:6:processCommand	16	static
../source/practica_uart.c:471:5:main	24	static
