18:32:17 **** Build of configuration Debug for project MKL25Z4_TX ****
make -r -j16 all 
Building file: ../source/mtb.c
Building file: ../utilities/fsl_debug_console.c
Building file: ../source/MKL25Z4_TX.c
Building file: ../startup/startup_mkl25z4.c
Building file: ../drivers/fsl_clock.c
Building file: ../source/semihost_hardfault.c
Invoking: MCU C Compiler
Building file: ../drivers/fsl_common.c
Invoking: MCU C Compiler
Invoking: MCU C Compiler
Invoking: MCU C Compiler
arm-none-eabi-gcc -DCPU_MKL25Z128VLK4 -DCPU_MKL25Z128VLK4_cm0plus -DSDK_OS_BAREMETAL -DFSL_RTOS_BM -DSDK_DEBUGCONSOLE=1 -DCR_INTEGER_PRINTF -DPRINTF_FLOAT_ENABLE=0 -D__MCUXPRESSO -D__USE_CMSIS -DDEBUG -D__REDLIB__ -I"/home/sesgaro/Documents/MCUXpresso_25.6.136/workspace/MKL25Z4_TX/board" -I"/home/sesgaro/Documents/MCUXpresso_25.6.136/workspace/MKL25Z4_TX/source" -I"/home/sesgaro/Documents/MCUXpresso_25.6.136/workspace/MKL25Z4_TX" -I"/home/sesgaro/Documents/MCUXpresso_25.6.136/workspace/MKL25Z4_TX/drivers" -I"/home/sesgaro/Documents/MCUXpresso_25.6.136/workspace/MKL25Z4_TX/startup" -I"/home/sesgaro/Documents/MCUXpresso_25.6.136/workspace/MKL25Z4_TX/utilities" -I"/home/sesgaro/Documents/MCUXpresso_25.6.136/workspace/MKL25Z4_TX/CMSIS" -O0 -fno-common -g3 -gdwarf-4 -Wall -c -fmessage-length=0 -fno-builtin -ffunction-sections -fdata-sections -fmerge-constants -fmacro-prefix-map="../source/"= -mcpu=cortex-m0plus -mthumb -D__REDLIB__ -fstack-usage -specs=redlib.specs -MMD -MP -MF"source/mtb.d" -MT"source/mtb.o" -MT"source/mtb.d" -o "source/mtb.o" "../source/mtb.c"
Invoking: MCU C Compiler
Invoking: MCU C Compiler
arm-none-eabi-gcc -DCPU_MKL25Z128VLK4 -DCPU_MKL25Z128VLK4_cm0plus -DSDK_OS_BAREMETAL -DFSL_RTOS_BM -DSDK_DEBUGCONSOLE=1 -DCR_INTEGER_PRINTF -DPRINTF_FLOAT_ENABLE=0 -D__MCUXPRESSO -D__USE_CMSIS -DDEBUG -D__REDLIB__ -I"/home/sesgaro/Documents/MCUXpresso_25.6.136/workspace/MKL25Z4_TX/board" -I"/home/sesgaro/Documents/MCUXpresso_25.6.136/workspace/MKL25Z4_TX/source" -I"/home/sesgaro/Documents/MCUXpresso_25.6.136/workspace/MKL25Z4_TX" -I"/home/sesgaro/Documents/MCUXpresso_25.6.136/workspace/MKL25Z4_TX/drivers" -I"/home/sesgaro/Documents/MCUXpresso_25.6.136/workspace/MKL25Z4_TX/startup" -I"/home/sesgaro/Documents/MCUXpresso_25.6.136/workspace/MKL25Z4_TX/utilities" -I"/home/sesgaro/Documents/MCUXpresso_25.6.136/workspace/MKL25Z4_TX/CMSIS" -O0 -fno-common -g3 -gdwarf-4 -Wall -c -fmessage-length=0 -fno-builtin -ffunction-sections -fdata-sections -fmerge-constants -fmacro-prefix-map="../utilities/"= -mcpu=cortex-m0plus -mthumb -D__REDLIB__ -fstack-usage -specs=redlib.specs -MMD -MP -MF"utilities/fsl_debug_console.d" -MT"utilities/fsl_debug_console.o" -MT"utilities/fsl_debug_console.d" -o "utilities/fsl_debug_console.o" "../utilities/fsl_debug_console.c"
arm-none-eabi-gcc -DCPU_MKL25Z128VLK4 -DCPU_MKL25Z128VLK4_cm0plus -DSDK_OS_BAREMETAL -DFSL_RTOS_BM -DSDK_DEBUGCONSOLE=1 -DCR_INTEGER_PRINTF -DPRINTF_FLOAT_ENABLE=0 -D__MCUXPRESSO -D__USE_CMSIS -DDEBUG -D__REDLIB__ -I"/home/sesgaro/Documents/MCUXpresso_25.6.136/workspace/MKL25Z4_TX/board" -I"/home/sesgaro/Documents/MCUXpresso_25.6.136/workspace/MKL25Z4_TX/source" -I"/home/sesgaro/Documents/MCUXpresso_25.6.136/workspace/MKL25Z4_TX" -I"/home/sesgaro/Documents/MCUXpresso_25.6.136/workspace/MKL25Z4_TX/drivers" -I"/home/sesgaro/Documents/MCUXpresso_25.6.136/workspace/MKL25Z4_TX/startup" -I"/home/sesgaro/Documents/MCUXpresso_25.6.136/workspace/MKL25Z4_TX/utilities" -I"/home/sesgaro/Documents/MCUXpresso_25.6.136/workspace/MKL25Z4_TX/CMSIS" -O0 -fno-common -g3 -gdwarf-4 -Wall -c -fmessage-length=0 -fno-builtin -ffunction-sections -fdata-sections -fmerge-constants -fmacro-prefix-map="../startup/"= -mcpu=cortex-m0plus -mthumb -D__REDLIB__ -fstack-usage -specs=redlib.specs -MMD -MP -MF"startup/startup_mkl25z4.d" -MT"startup/startup_mkl25z4.o" -MT"startup/startup_mkl25z4.d" -o "startup/startup_mkl25z4.o" "../startup/startup_mkl25z4.c"
Invoking: MCU C Compiler
arm-none-eabi-gcc -DCPU_MKL25Z128VLK4 -DCPU_MKL25Z128VLK4_cm0plus -DSDK_OS_BAREMETAL -DFSL_RTOS_BM -DSDK_DEBUGCONSOLE=1 -DCR_INTEGER_PRINTF -DPRINTF_FLOAT_ENABLE=0 -D__MCUXPRESSO -D__USE_CMSIS -DDEBUG -D__REDLIB__ -I"/home/sesgaro/Documents/MCUXpresso_25.6.136/workspace/MKL25Z4_TX/board" -I"/home/sesgaro/Documents/MCUXpresso_25.6.136/workspace/MKL25Z4_TX/source" -I"/home/sesgaro/Documents/MCUXpresso_25.6.136/workspace/MKL25Z4_TX" -I"/home/sesgaro/Documents/MCUXpresso_25.6.136/workspace/MKL25Z4_TX/drivers" -I"/home/sesgaro/Documents/MCUXpresso_25.6.136/workspace/MKL25Z4_TX/startup" -I"/home/sesgaro/Documents/MCUXpresso_25.6.136/workspace/MKL25Z4_TX/utilities" -I"/home/sesgaro/Documents/MCUXpresso_25.6.136/workspace/MKL25Z4_TX/CMSIS" -O0 -fno-common -g3 -gdwarf-4 -Wall -c -fmessage-length=0 -fno-builtin -ffunction-sections -fdata-sections -fmerge-constants -fmacro-prefix-map="../source/"= -mcpu=cortex-m0plus -mthumb -D__REDLIB__ -fstack-usage -specs=redlib.specs -MMD -MP -MF"source/MKL25Z4_TX.d" -MT"source/MKL25Z4_TX.o" -MT"source/MKL25Z4_TX.d" -o "source/MKL25Z4_TX.o" "../source/MKL25Z4_TX.c"
arm-none-eabi-gcc -DCPU_MKL25Z128VLK4 -DCPU_MKL25Z128VLK4_cm0plus -DSDK_OS_BAREMETAL -DFSL_RTOS_BM -DSDK_DEBUGCONSOLE=1 -DCR_INTEGER_PRINTF -DPRINTF_FLOAT_ENABLE=0 -D__MCUXPRESSO -D__USE_CMSIS -DDEBUG -D__REDLIB__ -I"/home/sesgaro/Documents/MCUXpresso_25.6.136/workspace/MKL25Z4_TX/board" -I"/home/sesgaro/Documents/MCUXpresso_25.6.136/workspace/MKL25Z4_TX/source" -I"/home/sesgaro/Documents/MCUXpresso_25.6.136/workspace/MKL25Z4_TX" -I"/home/sesgaro/Documents/MCUXpresso_25.6.136/workspace/MKL25Z4_TX/drivers" -I"/home/sesgaro/Documents/MCUXpresso_25.6.136/workspace/MKL25Z4_TX/startup" -I"/home/sesgaro/Documents/MCUXpresso_25.6.136/workspace/MKL25Z4_TX/utilities" -I"/home/sesgaro/Documents/MCUXpresso_25.6.136/workspace/MKL25Z4_TX/CMSIS" -O0 -fno-common -g3 -gdwarf-4 -Wall -c -fmessage-length=0 -fno-builtin -ffunction-sections -fdata-sections -fmerge-constants -fmacro-prefix-map="../source/"= -mcpu=cortex-m0plus -mthumb -D__REDLIB__ -fstack-usage -specs=redlib.specs -MMD -MP -MF"source/semihost_hardfault.d" -MT"source/semihost_hardfault.o" -MT"source/semihost_hardfault.d" -o "source/semihost_hardfault.o" "../source/semihost_hardfault.c"
arm-none-eabi-gcc -DCPU_MKL25Z128VLK4 -DCPU_MKL25Z128VLK4_cm0plus -DSDK_OS_BAREMETAL -DFSL_RTOS_BM -DSDK_DEBUGCONSOLE=1 -DCR_INTEGER_PRINTF -DPRINTF_FLOAT_ENABLE=0 -D__MCUXPRESSO -D__USE_CMSIS -DDEBUG -D__REDLIB__ -I"/home/sesgaro/Documents/MCUXpresso_25.6.136/workspace/MKL25Z4_TX/board" -I"/home/sesgaro/Documents/MCUXpresso_25.6.136/workspace/MKL25Z4_TX/source" -I"/home/sesgaro/Documents/MCUXpresso_25.6.136/workspace/MKL25Z4_TX" -I"/home/sesgaro/Documents/MCUXpresso_25.6.136/workspace/MKL25Z4_TX/drivers" -I"/home/sesgaro/Documents/MCUXpresso_25.6.136/workspace/MKL25Z4_TX/startup" -I"/home/sesgaro/Documents/MCUXpresso_25.6.136/workspace/MKL25Z4_TX/utilities" -I"/home/sesgaro/Documents/MCUXpresso_25.6.136/workspace/MKL25Z4_TX/CMSIS" -O0 -fno-common -g3 -gdwarf-4 -Wall -c -fmessage-length=0 -fno-builtin -ffunction-sections -fdata-sections -fmerge-constants -fmacro-prefix-map="../drivers/"= -mcpu=cortex-m0plus -mthumb -D__REDLIB__ -fstack-usage -specs=redlib.specs -MMD -MP -MF"drivers/fsl_clock.d" -MT"drivers/fsl_clock.o" -MT"drivers/fsl_clock.d" -o "drivers/fsl_clock.o" "../drivers/fsl_clock.c"
arm-none-eabi-gcc -DCPU_MKL25Z128VLK4 -DCPU_MKL25Z128VLK4_cm0plus -DSDK_OS_BAREMETAL -DFSL_RTOS_BM -DSDK_DEBUGCONSOLE=1 -DCR_INTEGER_PRINTF -DPRINTF_FLOAT_ENABLE=0 -D__MCUXPRESSO -D__USE_CMSIS -DDEBUG -D__REDLIB__ -I"/home/sesgaro/Documents/MCUXpresso_25.6.136/workspace/MKL25Z4_TX/board" -I"/home/sesgaro/Documents/MCUXpresso_25.6.136/workspace/MKL25Z4_TX/source" -I"/home/sesgaro/Documents/MCUXpresso_25.6.136/workspace/MKL25Z4_TX" -I"/home/sesgaro/Documents/MCUXpresso_25.6.136/workspace/MKL25Z4_TX/drivers" -I"/home/sesgaro/Documents/MCUXpresso_25.6.136/workspace/MKL25Z4_TX/startup" -I"/home/sesgaro/Documents/MCUXpresso_25.6.136/workspace/MKL25Z4_TX/utilities" -I"/home/sesgaro/Documents/MCUXpresso_25.6.136/workspace/MKL25Z4_TX/CMSIS" -O0 -fno-common -g3 -gdwarf-4 -Wall -c -fmessage-length=0 -fno-builtin -ffunction-sections -fdata-sections -fmerge-constants -fmacro-prefix-map="../drivers/"= -mcpu=cortex-m0plus -mthumb -D__REDLIB__ -fstack-usage -specs=redlib.specs -MMD -MP -MF"drivers/fsl_common.d" -MT"drivers/fsl_common.o" -MT"drivers/fsl_common.d" -o "drivers/fsl_common.o" "../drivers/fsl_common.c"
Building file: ../drivers/fsl_flash.c
../source/MKL25Z4_TX.c:14:10: fatal error: MKL25Z4.H: No such file or directory
Building file: ../drivers/fsl_gpio.c
Building file: ../drivers/fsl_lpsci.c
Invoking: MCU C Compiler
arm-none-eabi-gcc -DCPU_MKL25Z128VLK4 -DCPU_MKL25Z128VLK4_cm0plus -DSDK_OS_BAREMETAL -DFSL_RTOS_BM -DSDK_DEBUGCONSOLE=1 -DCR_INTEGER_PRINTF -DPRINTF_FLOAT_ENABLE=0 -D__MCUXPRESSO -D__USE_CMSIS -DDEBUG -D__REDLIB__ -I"/home/sesgaro/Documents/MCUXpresso_25.6.136/workspace/MKL25Z4_TX/board" -I"/home/sesgaro/Documents/MCUXpresso_25.6.136/workspace/MKL25Z4_TX/source" -I"/home/sesgaro/Documents/MCUXpresso_25.6.136/workspace/MKL25Z4_TX" -I"/home/sesgaro/Documents/MCUXpresso_25.6.136/workspace/MKL25Z4_TX/drivers" -I"/home/sesgaro/Documents/MCUXpresso_25.6.136/workspace/MKL25Z4_TX/startup" -I"/home/sesgaro/Documents/MCUXpresso_25.6.136/workspace/MKL25Z4_TX/utilities" -I"/home/sesgaro/Documents/MCUXpresso_25.6.136/workspace/MKL25Z4_TX/CMSIS" -O0 -fno-common -g3 -gdwarf-4 -Wall -c -fmessage-length=0 -fno-builtin -ffunction-sections -fdata-sections -fmerge-constants -fmacro-prefix-map="../drivers/"= -mcpu=cortex-m0plus -mthumb -D__REDLIB__ -fstack-usage -specs=redlib.specs -MMD -MP -MF"drivers/fsl_flash.d" -MT"drivers/fsl_flash.o" -MT"drivers/fsl_flash.d" -o "drivers/fsl_flash.o" "../drivers/fsl_flash.c"
   14 | #include <MKL25Z4.H>
      |          ^~~~~~~~~~~
compilation terminated.
make[1]: *** [source/subdir.mk:26: source/MKL25Z4_TX.o] Error 1
Building file: ../drivers/fsl_smc.c
Invoking: MCU C Compiler
Invoking: MCU C Compiler
arm-none-eabi-gcc -DCPU_MKL25Z128VLK4 -DCPU_MKL25Z128VLK4_cm0plus -DSDK_OS_BAREMETAL -DFSL_RTOS_BM -DSDK_DEBUGCONSOLE=1 -DCR_INTEGER_PRINTF -DPRINTF_FLOAT_ENABLE=0 -D__MCUXPRESSO -D__USE_CMSIS -DDEBUG -D__REDLIB__ -I"/home/sesgaro/Documents/MCUXpresso_25.6.136/workspace/MKL25Z4_TX/board" -I"/home/sesgaro/Documents/MCUXpresso_25.6.136/workspace/MKL25Z4_TX/source" -I"/home/sesgaro/Documents/MCUXpresso_25.6.136/workspace/MKL25Z4_TX" -I"/home/sesgaro/Documents/MCUXpresso_25.6.136/workspace/MKL25Z4_TX/drivers" -I"/home/sesgaro/Documents/MCUXpresso_25.6.136/workspace/MKL25Z4_TX/startup" -I"/home/sesgaro/Documents/MCUXpresso_25.6.136/workspace/MKL25Z4_TX/utilities" -I"/home/sesgaro/Documents/MCUXpresso_25.6.136/workspace/MKL25Z4_TX/CMSIS" -O0 -fno-common -g3 -gdwarf-4 -Wall -c -fmessage-length=0 -fno-builtin -ffunction-sections -fdata-sections -fmerge-constants -fmacro-prefix-map="../drivers/"= -mcpu=cortex-m0plus -mthumb -D__REDLIB__ -fstack-usage -specs=redlib.specs -MMD -MP -MF"drivers/fsl_gpio.d" -MT"drivers/fsl_gpio.o" -MT"drivers/fsl_gpio.d" -o "drivers/fsl_gpio.o" "../drivers/fsl_gpio.c"
make[1]: *** Waiting for unfinished jobs....
Building file: ../drivers/fsl_uart.c
Invoking: MCU C Compiler
arm-none-eabi-gcc -DCPU_MKL25Z128VLK4 -DCPU_MKL25Z128VLK4_cm0plus -DSDK_OS_BAREMETAL -DFSL_RTOS_BM -DSDK_DEBUGCONSOLE=1 -DCR_INTEGER_PRINTF -DPRINTF_FLOAT_ENABLE=0 -D__MCUXPRESSO -D__USE_CMSIS -DDEBUG -D__REDLIB__ -I"/home/sesgaro/Documents/MCUXpresso_25.6.136/workspace/MKL25Z4_TX/board" -I"/home/sesgaro/Documents/MCUXpresso_25.6.136/workspace/MKL25Z4_TX/source" -I"/home/sesgaro/Documents/MCUXpresso_25.6.136/workspace/MKL25Z4_TX" -I"/home/sesgaro/Documents/MCUXpresso_25.6.136/workspace/MKL25Z4_TX/drivers" -I"/home/sesgaro/Documents/MCUXpresso_25.6.136/workspace/MKL25Z4_TX/startup" -I"/home/sesgaro/Documents/MCUXpresso_25.6.136/workspace/MKL25Z4_TX/utilities" -I"/home/sesgaro/Documents/MCUXpresso_25.6.136/workspace/MKL25Z4_TX/CMSIS" -O0 -fno-common -g3 -gdwarf-4 -Wall -c -fmessage-length=0 -fno-builtin -ffunction-sections -fdata-sections -fmerge-constants -fmacro-prefix-map="../drivers/"= -mcpu=cortex-m0plus -mthumb -D__REDLIB__ -fstack-usage -specs=redlib.specs -MMD -MP -MF"drivers/fsl_lpsci.d" -MT"drivers/fsl_lpsci.o" -MT"drivers/fsl_lpsci.d" -o "drivers/fsl_lpsci.o" "../drivers/fsl_lpsci.c"
arm-none-eabi-gcc -DCPU_MKL25Z128VLK4 -DCPU_MKL25Z128VLK4_cm0plus -DSDK_OS_BAREMETAL -DFSL_RTOS_BM -DSDK_DEBUGCONSOLE=1 -DCR_INTEGER_PRINTF -DPRINTF_FLOAT_ENABLE=0 -D__MCUXPRESSO -D__USE_CMSIS -DDEBUG -D__REDLIB__ -I"/home/sesgaro/Documents/MCUXpresso_25.6.136/workspace/MKL25Z4_TX/board" -I"/home/sesgaro/Documents/MCUXpresso_25.6.136/workspace/MKL25Z4_TX/source" -I"/home/sesgaro/Documents/MCUXpresso_25.6.136/workspace/MKL25Z4_TX" -I"/home/sesgaro/Documents/MCUXpresso_25.6.136/workspace/MKL25Z4_TX/drivers" -I"/home/sesgaro/Documents/MCUXpresso_25.6.136/workspace/MKL25Z4_TX/startup" -I"/home/sesgaro/Documents/MCUXpresso_25.6.136/workspace/MKL25Z4_TX/utilities" -I"/home/sesgaro/Documents/MCUXpresso_25.6.136/workspace/MKL25Z4_TX/CMSIS" -O0 -fno-common -g3 -gdwarf-4 -Wall -c -fmessage-length=0 -fno-builtin -ffunction-sections -fdata-sections -fmerge-constants -fmacro-prefix-map="../drivers/"= -mcpu=cortex-m0plus -mthumb -D__REDLIB__ -fstack-usage -specs=redlib.specs -MMD -MP -MF"drivers/fsl_smc.d" -MT"drivers/fsl_smc.o" -MT"drivers/fsl_smc.d" -o "drivers/fsl_smc.o" "../drivers/fsl_smc.c"
Invoking: MCU C Compiler
arm-none-eabi-gcc -DCPU_MKL25Z128VLK4 -DCPU_MKL25Z128VLK4_cm0plus -DSDK_OS_BAREMETAL -DFSL_RTOS_BM -DSDK_DEBUGCONSOLE=1 -DCR_INTEGER_PRINTF -DPRINTF_FLOAT_ENABLE=0 -D__MCUXPRESSO -D__USE_CMSIS -DDEBUG -D__REDLIB__ -I"/home/sesgaro/Documents/MCUXpresso_25.6.136/workspace/MKL25Z4_TX/board" -I"/home/sesgaro/Documents/MCUXpresso_25.6.136/workspace/MKL25Z4_TX/source" -I"/home/sesgaro/Documents/MCUXpresso_25.6.136/workspace/MKL25Z4_TX" -I"/home/sesgaro/Documents/MCUXpresso_25.6.136/workspace/MKL25Z4_TX/drivers" -I"/home/sesgaro/Documents/MCUXpresso_25.6.136/workspace/MKL25Z4_TX/startup" -I"/home/sesgaro/Documents/MCUXpresso_25.6.136/workspace/MKL25Z4_TX/utilities" -I"/home/sesgaro/Documents/MCUXpresso_25.6.136/workspace/MKL25Z4_TX/CMSIS" -O0 -fno-common -g3 -gdwarf-4 -Wall -c -fmessage-length=0 -fno-builtin -ffunction-sections -fdata-sections -fmerge-constants -fmacro-prefix-map="../drivers/"= -mcpu=cortex-m0plus -mthumb -D__REDLIB__ -fstack-usage -specs=redlib.specs -MMD -MP -MF"drivers/fsl_uart.d" -MT"drivers/fsl_uart.o" -MT"drivers/fsl_uart.d" -o "drivers/fsl_uart.o" "../drivers/fsl_uart.c"
Building file: ../board/clock_config.c
Building file: ../board/peripherals.c
Building file: ../board/board.c
Invoking: MCU C Compiler
Building file: ../board/pin_mux.c
arm-none-eabi-gcc -DCPU_MKL25Z128VLK4 -DCPU_MKL25Z128VLK4_cm0plus -DSDK_OS_BAREMETAL -DFSL_RTOS_BM -DSDK_DEBUGCONSOLE=1 -DCR_INTEGER_PRINTF -DPRINTF_FLOAT_ENABLE=0 -D__MCUXPRESSO -D__USE_CMSIS -DDEBUG -D__REDLIB__ -I"/home/sesgaro/Documents/MCUXpresso_25.6.136/workspace/MKL25Z4_TX/board" -I"/home/sesgaro/Documents/MCUXpresso_25.6.136/workspace/MKL25Z4_TX/source" -I"/home/sesgaro/Documents/MCUXpresso_25.6.136/workspace/MKL25Z4_TX" -I"/home/sesgaro/Documents/MCUXpresso_25.6.136/workspace/MKL25Z4_TX/drivers" -I"/home/sesgaro/Documents/MCUXpresso_25.6.136/workspace/MKL25Z4_TX/startup" -I"/home/sesgaro/Documents/MCUXpresso_25.6.136/workspace/MKL25Z4_TX/utilities" -I"/home/sesgaro/Documents/MCUXpresso_25.6.136/workspace/MKL25Z4_TX/CMSIS" -O0 -fno-common -g3 -gdwarf-4 -Wall -c -fmessage-length=0 -fno-builtin -ffunction-sections -fdata-sections -fmerge-constants -fmacro-prefix-map="../board/"= -mcpu=cortex-m0plus -mthumb -D__REDLIB__ -fstack-usage -specs=redlib.specs -MMD -MP -MF"board/clock_config.d" -MT"board/clock_config.o" -MT"board/clock_config.d" -o "board/clock_config.o" "../board/clock_config.c"
Invoking: MCU C Compiler
Invoking: MCU C Compiler
arm-none-eabi-gcc -DCPU_MKL25Z128VLK4 -DCPU_MKL25Z128VLK4_cm0plus -DSDK_OS_BAREMETAL -DFSL_RTOS_BM -DSDK_DEBUGCONSOLE=1 -DCR_INTEGER_PRINTF -DPRINTF_FLOAT_ENABLE=0 -D__MCUXPRESSO -D__USE_CMSIS -DDEBUG -D__REDLIB__ -I"/home/sesgaro/Documents/MCUXpresso_25.6.136/workspace/MKL25Z4_TX/board" -I"/home/sesgaro/Documents/MCUXpresso_25.6.136/workspace/MKL25Z4_TX/source" -I"/home/sesgaro/Documents/MCUXpresso_25.6.136/workspace/MKL25Z4_TX" -I"/home/sesgaro/Documents/MCUXpresso_25.6.136/workspace/MKL25Z4_TX/drivers" -I"/home/sesgaro/Documents/MCUXpresso_25.6.136/workspace/MKL25Z4_TX/startup" -I"/home/sesgaro/Documents/MCUXpresso_25.6.136/workspace/MKL25Z4_TX/utilities" -I"/home/sesgaro/Documents/MCUXpresso_25.6.136/workspace/MKL25Z4_TX/CMSIS" -O0 -fno-common -g3 -gdwarf-4 -Wall -c -fmessage-length=0 -fno-builtin -ffunction-sections -fdata-sections -fmerge-constants -fmacro-prefix-map="../board/"= -mcpu=cortex-m0plus -mthumb -D__REDLIB__ -fstack-usage -specs=redlib.specs -MMD -MP -MF"board/board.d" -MT"board/board.o" -MT"board/board.d" -o "board/board.o" "../board/board.c"
arm-none-eabi-gcc -DCPU_MKL25Z128VLK4 -DCPU_MKL25Z128VLK4_cm0plus -DSDK_OS_BAREMETAL -DFSL_RTOS_BM -DSDK_DEBUGCONSOLE=1 -DCR_INTEGER_PRINTF -DPRINTF_FLOAT_ENABLE=0 -D__MCUXPRESSO -D__USE_CMSIS -DDEBUG -D__REDLIB__ -I"/home/sesgaro/Documents/MCUXpresso_25.6.136/workspace/MKL25Z4_TX/board" -I"/home/sesgaro/Documents/MCUXpresso_25.6.136/workspace/MKL25Z4_TX/source" -I"/home/sesgaro/Documents/MCUXpresso_25.6.136/workspace/MKL25Z4_TX" -I"/home/sesgaro/Documents/MCUXpresso_25.6.136/workspace/MKL25Z4_TX/drivers" -I"/home/sesgaro/Documents/MCUXpresso_25.6.136/workspace/MKL25Z4_TX/startup" -I"/home/sesgaro/Documents/MCUXpresso_25.6.136/workspace/MKL25Z4_TX/utilities" -I"/home/sesgaro/Documents/MCUXpresso_25.6.136/workspace/MKL25Z4_TX/CMSIS" -O0 -fno-common -g3 -gdwarf-4 -Wall -c -fmessage-length=0 -fno-builtin -ffunction-sections -fdata-sections -fmerge-constants -fmacro-prefix-map="../board/"= -mcpu=cortex-m0plus -mthumb -D__REDLIB__ -fstack-usage -specs=redlib.specs -MMD -MP -MF"board/peripherals.d" -MT"board/peripherals.o" -MT"board/peripherals.d" -o "board/peripherals.o" "../board/peripherals.c"
Invoking: MCU C Compiler
arm-none-eabi-gcc -DCPU_MKL25Z128VLK4 -DCPU_MKL25Z128VLK4_cm0plus -DSDK_OS_BAREMETAL -DFSL_RTOS_BM -DSDK_DEBUGCONSOLE=1 -DCR_INTEGER_PRINTF -DPRINTF_FLOAT_ENABLE=0 -D__MCUXPRESSO -D__USE_CMSIS -DDEBUG -D__REDLIB__ -I"/home/sesgaro/Documents/MCUXpresso_25.6.136/workspace/MKL25Z4_TX/board" -I"/home/sesgaro/Documents/MCUXpresso_25.6.136/workspace/MKL25Z4_TX/source" -I"/home/sesgaro/Documents/MCUXpresso_25.6.136/workspace/MKL25Z4_TX" -I"/home/sesgaro/Documents/MCUXpresso_25.6.136/workspace/MKL25Z4_TX/drivers" -I"/home/sesgaro/Documents/MCUXpresso_25.6.136/workspace/MKL25Z4_TX/startup" -I"/home/sesgaro/Documents/MCUXpresso_25.6.136/workspace/MKL25Z4_TX/utilities" -I"/home/sesgaro/Documents/MCUXpresso_25.6.136/workspace/MKL25Z4_TX/CMSIS" -O0 -fno-common -g3 -gdwarf-4 -Wall -c -fmessage-length=0 -fno-builtin -ffunction-sections -fdata-sections -fmerge-constants -fmacro-prefix-map="../board/"= -mcpu=cortex-m0plus -mthumb -D__REDLIB__ -fstack-usage -specs=redlib.specs -MMD -MP -MF"board/pin_mux.d" -MT"board/pin_mux.o" -MT"board/pin_mux.d" -o "board/pin_mux.o" "../board/pin_mux.c"
Finished building: ../source/mtb.c
 
Finished building: ../board/peripherals.c
 
Finished building: ../source/semihost_hardfault.c
 
../utilities/fsl_debug_console.c: In function 'DbgConsole_Getchar':
../utilities/fsl_debug_console.c:482:31: warning: 'ch' may be used uninitialized [-Wmaybe-uninitialized]
  482 |     while (kStatus_Success != s_debugConsole.ops.rx_union.GetChar(s_debugConsole.base, (uint8_t *)(&ch), 1))
      |                               ^~~~~~~~~~~~~~~~~~~~~~~~~~~~~~~~~~~~~~~~~~~~~~~~~~~~~~~~~~~~~~~~~~~~~~~~~~~~~
../utilities/fsl_debug_console.c:482:31: note: by argument 2 of type 'const uint8_t *' {aka 'const unsigned char *'} to 'status_t(void *, const uint8_t *, size_t)' {aka 'int(void *, const unsigned char *, unsigned int)'}
../utilities/fsl_debug_console.c:476:10: note: 'ch' declared here
  476 |     char ch;
      |          ^~
Finished building: ../startup/startup_mkl25z4.c
 
Finished building: ../drivers/fsl_common.c
 
Finished building: ../drivers/fsl_gpio.c
 
Finished building: ../board/board.c
 
Finished building: ../board/pin_mux.c
 
Finished building: ../board/clock_config.c
 
Finished building: ../drivers/fsl_smc.c
 
Finished building: ../utilities/fsl_debug_console.c
 
Finished building: ../drivers/fsl_flash.c
 
Finished building: ../drivers/fsl_lpsci.c
 
Finished building: ../drivers/fsl_uart.c
 
Finished building: ../drivers/fsl_clock.c
 
make: *** [makefile:40: all] Error 2
"make -r -j16 all" terminated with exit code 2. Build might be incomplete.
18:32:51 **** Build of configuration Debug for project MKL25Z4_TX ****
make -r -j16 all 
Building file: ../source/MKL25Z4_TX.c
Building file: ../CMSIS/system_MKL25Z4.c
Invoking: MCU C Compiler
Invoking: MCU C Compiler
arm-none-eabi-gcc -DCPU_MKL25Z128VLK4 -DCPU_MKL25Z128VLK4_cm0plus -DSDK_OS_BAREMETAL -DFSL_RTOS_BM -DSDK_DEBUGCONSOLE=1 -DCR_INTEGER_PRINTF -DPRINTF_FLOAT_ENABLE=0 -D__MCUXPRESSO -D__USE_CMSIS -DDEBUG -D__REDLIB__ -I"/home/sesgaro/Documents/MCUXpresso_25.6.136/workspace/MKL25Z4_TX/board" -I"/home/sesgaro/Documents/MCUXpresso_25.6.136/workspace/MKL25Z4_TX/source" -I"/home/sesgaro/Documents/MCUXpresso_25.6.136/workspace/MKL25Z4_TX" -I"/home/sesgaro/Documents/MCUXpresso_25.6.136/workspace/MKL25Z4_TX/drivers" -I"/home/sesgaro/Documents/MCUXpresso_25.6.136/workspace/MKL25Z4_TX/startup" -I"/home/sesgaro/Documents/MCUXpresso_25.6.136/workspace/MKL25Z4_TX/utilities" -I"/home/sesgaro/Documents/MCUXpresso_25.6.136/workspace/MKL25Z4_TX/CMSIS" -O0 -fno-common -g3 -gdwarf-4 -Wall -c -fmessage-length=0 -fno-builtin -ffunction-sections -fdata-sections -fmerge-constants -fmacro-prefix-map="../CMSIS/"= -mcpu=cortex-m0plus -mthumb -D__REDLIB__ -fstack-usage -specs=redlib.specs -MMD -MP -MF"CMSIS/system_MKL25Z4.d" -MT"CMSIS/system_MKL25Z4.o" -MT"CMSIS/system_MKL25Z4.d" -o "CMSIS/system_MKL25Z4.o" "../CMSIS/system_MKL25Z4.c"
arm-none-eabi-gcc -DCPU_MKL25Z128VLK4 -DCPU_MKL25Z128VLK4_cm0plus -DSDK_OS_BAREMETAL -DFSL_RTOS_BM -DSDK_DEBUGCONSOLE=1 -DCR_INTEGER_PRINTF -DPRINTF_FLOAT_ENABLE=0 -D__MCUXPRESSO -D__USE_CMSIS -DDEBUG -D__REDLIB__ -I"/home/sesgaro/Documents/MCUXpresso_25.6.136/workspace/MKL25Z4_TX/board" -I"/home/sesgaro/Documents/MCUXpresso_25.6.136/workspace/MKL25Z4_TX/source" -I"/home/sesgaro/Documents/MCUXpresso_25.6.136/workspace/MKL25Z4_TX" -I"/home/sesgaro/Documents/MCUXpresso_25.6.136/workspace/MKL25Z4_TX/drivers" -I"/home/sesgaro/Documents/MCUXpresso_25.6.136/workspace/MKL25Z4_TX/startup" -I"/home/sesgaro/Documents/MCUXpresso_25.6.136/workspace/MKL25Z4_TX/utilities" -I"/home/sesgaro/Documents/MCUXpresso_25.6.136/workspace/MKL25Z4_TX/CMSIS" -O0 -fno-common -g3 -gdwarf-4 -Wall -c -fmessage-length=0 -fno-builtin -ffunction-sections -fdata-sections -fmerge-constants -fmacro-prefix-map="../source/"= -mcpu=cortex-m0plus -mthumb -D__REDLIB__ -fstack-usage -specs=redlib.specs -MMD -MP -MF"source/MKL25Z4_TX.d" -MT"source/MKL25Z4_TX.o" -MT"source/MKL25Z4_TX.d" -o "source/MKL25Z4_TX.o" "../source/MKL25Z4_TX.c"
Finished building: ../source/MKL25Z4_TX.c
 
Finished building: ../CMSIS/system_MKL25Z4.c
 
Building target: MKL25Z4_TX.axf
Invoking: MCU Linker
Template not found for name memory.ldt.
The name was interpreted by this TemplateLoader: com.crt.advproject.linkertemplate.FMLinkerFileTemplateLoader@3cd5f4fa.
make[1]: *** [makefile:49: MKL25Z4_TX.axf] Error 1
make: *** [makefile:40: all] Error 2
"make -r -j16 all" terminated with exit code 2. Build might be incomplete.
18:33:14 **** Clean-only build of configuration Debug for project MKL25Z4_TX ****
make -r -j16 clean 
rm -rf ./utilities/fsl_debug_console.d ./utilities/fsl_debug_console.o
rm -rf ./startup/startup_mkl25z4.d ./startup/startup_mkl25z4.o
rm -rf ./source/MKL25Z4_TX.d ./source/MKL25Z4_TX.o ./source/mtb.d ./source/mtb.o ./source/semihost_hardfault.d ./source/semihost_hardfault.o
rm -rf ./drivers/fsl_clock.d ./drivers/fsl_clock.o ./drivers/fsl_common.d ./drivers/fsl_common.o ./drivers/fsl_flash.d ./drivers/fsl_flash.o ./drivers/fsl_gpio.d ./drivers/fsl_gpio.o ./drivers/fsl_lpsci.d ./drivers/fsl_lpsci.o ./drivers/fsl_smc.d ./drivers/fsl_smc.o ./drivers/fsl_uart.d ./drivers/fsl_uart.o
rm -rf ./board/board.d ./board/board.o ./board/clock_config.d ./board/clock_config.o ./board/peripherals.d ./board/peripherals.o ./board/pin_mux.d ./board/pin_mux.o
rm -rf ./CMSIS/system_MKL25Z4.d ./CMSIS/system_MKL25Z4.o
rm -rf MKL25Z4_TX.axf
 
18:33:15 **** Build of configuration Debug for project MKL25Z4_TX ****
make -r -j16 all 
Building file: ../utilities/fsl_debug_console.c
Building file: ../startup/startup_mkl25z4.c
Building file: ../source/MKL25Z4_TX.c
Invoking: MCU C Compiler
Building file: ../source/mtb.c
Building file: ../source/semihost_hardfault.c
Invoking: MCU C Compiler
arm-none-eabi-gcc -DCPU_MKL25Z128VLK4 -DCPU_MKL25Z128VLK4_cm0plus -DSDK_OS_BAREMETAL -DFSL_RTOS_BM -DSDK_DEBUGCONSOLE=1 -DCR_INTEGER_PRINTF -DPRINTF_FLOAT_ENABLE=0 -D__MCUXPRESSO -D__USE_CMSIS -DDEBUG -D__REDLIB__ -I"/home/sesgaro/Documents/MCUXpresso_25.6.136/workspace/MKL25Z4_TX/board" -I"/home/sesgaro/Documents/MCUXpresso_25.6.136/workspace/MKL25Z4_TX/source" -I"/home/sesgaro/Documents/MCUXpresso_25.6.136/workspace/MKL25Z4_TX" -I"/home/sesgaro/Documents/MCUXpresso_25.6.136/workspace/MKL25Z4_TX/drivers" -I"/home/sesgaro/Documents/MCUXpresso_25.6.136/workspace/MKL25Z4_TX/startup" -I"/home/sesgaro/Documents/MCUXpresso_25.6.136/workspace/MKL25Z4_TX/utilities" -I"/home/sesgaro/Documents/MCUXpresso_25.6.136/workspace/MKL25Z4_TX/CMSIS" -O0 -fno-common -g3 -gdwarf-4 -Wall -c -fmessage-length=0 -fno-builtin -ffunction-sections -fdata-sections -fmerge-constants -fmacro-prefix-map="../utilities/"= -mcpu=cortex-m0plus -mthumb -D__REDLIB__ -fstack-usage -specs=redlib.specs -MMD -MP -MF"utilities/fsl_debug_console.d" -MT"utilities/fsl_debug_console.o" -MT"utilities/fsl_debug_console.d" -o "utilities/fsl_debug_console.o" "../utilities/fsl_debug_console.c"
Invoking: MCU C Compiler
Invoking: MCU C Compiler
arm-none-eabi-gcc -DCPU_MKL25Z128VLK4 -DCPU_MKL25Z128VLK4_cm0plus -DSDK_OS_BAREMETAL -DFSL_RTOS_BM -DSDK_DEBUGCONSOLE=1 -DCR_INTEGER_PRINTF -DPRINTF_FLOAT_ENABLE=0 -D__MCUXPRESSO -D__USE_CMSIS -DDEBUG -D__REDLIB__ -I"/home/sesgaro/Documents/MCUXpresso_25.6.136/workspace/MKL25Z4_TX/board" -I"/home/sesgaro/Documents/MCUXpresso_25.6.136/workspace/MKL25Z4_TX/source" -I"/home/sesgaro/Documents/MCUXpresso_25.6.136/workspace/MKL25Z4_TX" -I"/home/sesgaro/Documents/MCUXpresso_25.6.136/workspace/MKL25Z4_TX/drivers" -I"/home/sesgaro/Documents/MCUXpresso_25.6.136/workspace/MKL25Z4_TX/startup" -I"/home/sesgaro/Documents/MCUXpresso_25.6.136/workspace/MKL25Z4_TX/utilities" -I"/home/sesgaro/Documents/MCUXpresso_25.6.136/workspace/MKL25Z4_TX/CMSIS" -O0 -fno-common -g3 -gdwarf-4 -Wall -c -fmessage-length=0 -fno-builtin -ffunction-sections -fdata-sections -fmerge-constants -fmacro-prefix-map="../startup/"= -mcpu=cortex-m0plus -mthumb -D__REDLIB__ -fstack-usage -specs=redlib.specs -MMD -MP -MF"startup/startup_mkl25z4.d" -MT"startup/startup_mkl25z4.o" -MT"startup/startup_mkl25z4.d" -o "startup/startup_mkl25z4.o" "../startup/startup_mkl25z4.c"
arm-none-eabi-gcc -DCPU_MKL25Z128VLK4 -DCPU_MKL25Z128VLK4_cm0plus -DSDK_OS_BAREMETAL -DFSL_RTOS_BM -DSDK_DEBUGCONSOLE=1 -DCR_INTEGER_PRINTF -DPRINTF_FLOAT_ENABLE=0 -D__MCUXPRESSO -D__USE_CMSIS -DDEBUG -D__REDLIB__ -I"/home/sesgaro/Documents/MCUXpresso_25.6.136/workspace/MKL25Z4_TX/board" -I"/home/sesgaro/Documents/MCUXpresso_25.6.136/workspace/MKL25Z4_TX/source" -I"/home/sesgaro/Documents/MCUXpresso_25.6.136/workspace/MKL25Z4_TX" -I"/home/sesgaro/Documents/MCUXpresso_25.6.136/workspace/MKL25Z4_TX/drivers" -I"/home/sesgaro/Documents/MCUXpresso_25.6.136/workspace/MKL25Z4_TX/startup" -I"/home/sesgaro/Documents/MCUXpresso_25.6.136/workspace/MKL25Z4_TX/utilities" -I"/home/sesgaro/Documents/MCUXpresso_25.6.136/workspace/MKL25Z4_TX/CMSIS" -O0 -fno-common -g3 -gdwarf-4 -Wall -c -fmessage-length=0 -fno-builtin -ffunction-sections -fdata-sections -fmerge-constants -fmacro-prefix-map="../source/"= -mcpu=cortex-m0plus -mthumb -D__REDLIB__ -fstack-usage -specs=redlib.specs -MMD -MP -MF"source/MKL25Z4_TX.d" -MT"source/MKL25Z4_TX.o" -MT"source/MKL25Z4_TX.d" -o "source/MKL25Z4_TX.o" "../source/MKL25Z4_TX.c"
Invoking: MCU C Compiler
arm-none-eabi-gcc -DCPU_MKL25Z128VLK4 -DCPU_MKL25Z128VLK4_cm0plus -DSDK_OS_BAREMETAL -DFSL_RTOS_BM -DSDK_DEBUGCONSOLE=1 -DCR_INTEGER_PRINTF -DPRINTF_FLOAT_ENABLE=0 -D__MCUXPRESSO -D__USE_CMSIS -DDEBUG -D__REDLIB__ -I"/home/sesgaro/Documents/MCUXpresso_25.6.136/workspace/MKL25Z4_TX/board" -I"/home/sesgaro/Documents/MCUXpresso_25.6.136/workspace/MKL25Z4_TX/source" -I"/home/sesgaro/Documents/MCUXpresso_25.6.136/workspace/MKL25Z4_TX" -I"/home/sesgaro/Documents/MCUXpresso_25.6.136/workspace/MKL25Z4_TX/drivers" -I"/home/sesgaro/Documents/MCUXpresso_25.6.136/workspace/MKL25Z4_TX/startup" -I"/home/sesgaro/Documents/MCUXpresso_25.6.136/workspace/MKL25Z4_TX/utilities" -I"/home/sesgaro/Documents/MCUXpresso_25.6.136/workspace/MKL25Z4_TX/CMSIS" -O0 -fno-common -g3 -gdwarf-4 -Wall -c -fmessage-length=0 -fno-builtin -ffunction-sections -fdata-sections -fmerge-constants -fmacro-prefix-map="../source/"= -mcpu=cortex-m0plus -mthumb -D__REDLIB__ -fstack-usage -specs=redlib.specs -MMD -MP -MF"source/mtb.d" -MT"source/mtb.o" -MT"source/mtb.d" -o "source/mtb.o" "../source/mtb.c"
arm-none-eabi-gcc -DCPU_MKL25Z128VLK4 -DCPU_MKL25Z128VLK4_cm0plus -DSDK_OS_BAREMETAL -DFSL_RTOS_BM -DSDK_DEBUGCONSOLE=1 -DCR_INTEGER_PRINTF -DPRINTF_FLOAT_ENABLE=0 -D__MCUXPRESSO -D__USE_CMSIS -DDEBUG -D__REDLIB__ -I"/home/sesgaro/Documents/MCUXpresso_25.6.136/workspace/MKL25Z4_TX/board" -I"/home/sesgaro/Documents/MCUXpresso_25.6.136/workspace/MKL25Z4_TX/source" -I"/home/sesgaro/Documents/MCUXpresso_25.6.136/workspace/MKL25Z4_TX" -I"/home/sesgaro/Documents/MCUXpresso_25.6.136/workspace/MKL25Z4_TX/drivers" -I"/home/sesgaro/Documents/MCUXpresso_25.6.136/workspace/MKL25Z4_TX/startup" -I"/home/sesgaro/Documents/MCUXpresso_25.6.136/workspace/MKL25Z4_TX/utilities" -I"/home/sesgaro/Documents/MCUXpresso_25.6.136/workspace/MKL25Z4_TX/CMSIS" -O0 -fno-common -g3 -gdwarf-4 -Wall -c -fmessage-length=0 -fno-builtin -ffunction-sections -fdata-sections -fmerge-constants -fmacro-prefix-map="../source/"= -mcpu=cortex-m0plus -mthumb -D__REDLIB__ -fstack-usage -specs=redlib.specs -MMD -MP -MF"source/semihost_hardfault.d" -MT"source/semihost_hardfault.o" -MT"source/semihost_hardfault.d" -o "source/semihost_hardfault.o" "../source/semihost_hardfault.c"
Building file: ../drivers/fsl_clock.c
Building file: ../drivers/fsl_common.c
Building file: ../drivers/fsl_flash.c
Building file: ../drivers/fsl_gpio.c
Invoking: MCU C Compiler
Building file: ../drivers/fsl_lpsci.c
Invoking: MCU C Compiler
arm-none-eabi-gcc -DCPU_MKL25Z128VLK4 -DCPU_MKL25Z128VLK4_cm0plus -DSDK_OS_BAREMETAL -DFSL_RTOS_BM -DSDK_DEBUGCONSOLE=1 -DCR_INTEGER_PRINTF -DPRINTF_FLOAT_ENABLE=0 -D__MCUXPRESSO -D__USE_CMSIS -DDEBUG -D__REDLIB__ -I"/home/sesgaro/Documents/MCUXpresso_25.6.136/workspace/MKL25Z4_TX/board" -I"/home/sesgaro/Documents/MCUXpresso_25.6.136/workspace/MKL25Z4_TX/source" -I"/home/sesgaro/Documents/MCUXpresso_25.6.136/workspace/MKL25Z4_TX" -I"/home/sesgaro/Documents/MCUXpresso_25.6.136/workspace/MKL25Z4_TX/drivers" -I"/home/sesgaro/Documents/MCUXpresso_25.6.136/workspace/MKL25Z4_TX/startup" -I"/home/sesgaro/Documents/MCUXpresso_25.6.136/workspace/MKL25Z4_TX/utilities" -I"/home/sesgaro/Documents/MCUXpresso_25.6.136/workspace/MKL25Z4_TX/CMSIS" -O0 -fno-common -g3 -gdwarf-4 -Wall -c -fmessage-length=0 -fno-builtin -ffunction-sections -fdata-sections -fmerge-constants -fmacro-prefix-map="../drivers/"= -mcpu=cortex-m0plus -mthumb -D__REDLIB__ -fstack-usage -specs=redlib.specs -MMD -MP -MF"drivers/fsl_clock.d" -MT"drivers/fsl_clock.o" -MT"drivers/fsl_clock.d" -o "drivers/fsl_clock.o" "../drivers/fsl_clock.c"
arm-none-eabi-gcc -DCPU_MKL25Z128VLK4 -DCPU_MKL25Z128VLK4_cm0plus -DSDK_OS_BAREMETAL -DFSL_RTOS_BM -DSDK_DEBUGCONSOLE=1 -DCR_INTEGER_PRINTF -DPRINTF_FLOAT_ENABLE=0 -D__MCUXPRESSO -D__USE_CMSIS -DDEBUG -D__REDLIB__ -I"/home/sesgaro/Documents/MCUXpresso_25.6.136/workspace/MKL25Z4_TX/board" -I"/home/sesgaro/Documents/MCUXpresso_25.6.136/workspace/MKL25Z4_TX/source" -I"/home/sesgaro/Documents/MCUXpresso_25.6.136/workspace/MKL25Z4_TX" -I"/home/sesgaro/Documents/MCUXpresso_25.6.136/workspace/MKL25Z4_TX/drivers" -I"/home/sesgaro/Documents/MCUXpresso_25.6.136/workspace/MKL25Z4_TX/startup" -I"/home/sesgaro/Documents/MCUXpresso_25.6.136/workspace/MKL25Z4_TX/utilities" -I"/home/sesgaro/Documents/MCUXpresso_25.6.136/workspace/MKL25Z4_TX/CMSIS" -O0 -fno-common -g3 -gdwarf-4 -Wall -c -fmessage-length=0 -fno-builtin -ffunction-sections -fdata-sections -fmerge-constants -fmacro-prefix-map="../drivers/"= -mcpu=cortex-m0plus -mthumb -D__REDLIB__ -fstack-usage -specs=redlib.specs -MMD -MP -MF"drivers/fsl_common.d" -MT"drivers/fsl_common.o" -MT"drivers/fsl_common.d" -o "drivers/fsl_common.o" "../drivers/fsl_common.c"
Invoking: MCU C Compiler
Invoking: MCU C Compiler
arm-none-eabi-gcc -DCPU_MKL25Z128VLK4 -DCPU_MKL25Z128VLK4_cm0plus -DSDK_OS_BAREMETAL -DFSL_RTOS_BM -DSDK_DEBUGCONSOLE=1 -DCR_INTEGER_PRINTF -DPRINTF_FLOAT_ENABLE=0 -D__MCUXPRESSO -D__USE_CMSIS -DDEBUG -D__REDLIB__ -I"/home/sesgaro/Documents/MCUXpresso_25.6.136/workspace/MKL25Z4_TX/board" -I"/home/sesgaro/Documents/MCUXpresso_25.6.136/workspace/MKL25Z4_TX/source" -I"/home/sesgaro/Documents/MCUXpresso_25.6.136/workspace/MKL25Z4_TX" -I"/home/sesgaro/Documents/MCUXpresso_25.6.136/workspace/MKL25Z4_TX/drivers" -I"/home/sesgaro/Documents/MCUXpresso_25.6.136/workspace/MKL25Z4_TX/startup" -I"/home/sesgaro/Documents/MCUXpresso_25.6.136/workspace/MKL25Z4_TX/utilities" -I"/home/sesgaro/Documents/MCUXpresso_25.6.136/workspace/MKL25Z4_TX/CMSIS" -O0 -fno-common -g3 -gdwarf-4 -Wall -c -fmessage-length=0 -fno-builtin -ffunction-sections -fdata-sections -fmerge-constants -fmacro-prefix-map="../drivers/"= -mcpu=cortex-m0plus -mthumb -D__REDLIB__ -fstack-usage -specs=redlib.specs -MMD -MP -MF"drivers/fsl_flash.d" -MT"drivers/fsl_flash.o" -MT"drivers/fsl_flash.d" -o "drivers/fsl_flash.o" "../drivers/fsl_flash.c"
arm-none-eabi-gcc -DCPU_MKL25Z128VLK4 -DCPU_MKL25Z128VLK4_cm0plus -DSDK_OS_BAREMETAL -DFSL_RTOS_BM -DSDK_DEBUGCONSOLE=1 -DCR_INTEGER_PRINTF -DPRINTF_FLOAT_ENABLE=0 -D__MCUXPRESSO -D__USE_CMSIS -DDEBUG -D__REDLIB__ -I"/home/sesgaro/Documents/MCUXpresso_25.6.136/workspace/MKL25Z4_TX/board" -I"/home/sesgaro/Documents/MCUXpresso_25.6.136/workspace/MKL25Z4_TX/source" -I"/home/sesgaro/Documents/MCUXpresso_25.6.136/workspace/MKL25Z4_TX" -I"/home/sesgaro/Documents/MCUXpresso_25.6.136/workspace/MKL25Z4_TX/drivers" -I"/home/sesgaro/Documents/MCUXpresso_25.6.136/workspace/MKL25Z4_TX/startup" -I"/home/sesgaro/Documents/MCUXpresso_25.6.136/workspace/MKL25Z4_TX/utilities" -I"/home/sesgaro/Documents/MCUXpresso_25.6.136/workspace/MKL25Z4_TX/CMSIS" -O0 -fno-common -g3 -gdwarf-4 -Wall -c -fmessage-length=0 -fno-builtin -ffunction-sections -fdata-sections -fmerge-constants -fmacro-prefix-map="../drivers/"= -mcpu=cortex-m0plus -mthumb -D__REDLIB__ -fstack-usage -specs=redlib.specs -MMD -MP -MF"drivers/fsl_gpio.d" -MT"drivers/fsl_gpio.o" -MT"drivers/fsl_gpio.d" -o "drivers/fsl_gpio.o" "../drivers/fsl_gpio.c"
Invoking: MCU C Compiler
arm-none-eabi-gcc -DCPU_MKL25Z128VLK4 -DCPU_MKL25Z128VLK4_cm0plus -DSDK_OS_BAREMETAL -DFSL_RTOS_BM -DSDK_DEBUGCONSOLE=1 -DCR_INTEGER_PRINTF -DPRINTF_FLOAT_ENABLE=0 -D__MCUXPRESSO -D__USE_CMSIS -DDEBUG -D__REDLIB__ -I"/home/sesgaro/Documents/MCUXpresso_25.6.136/workspace/MKL25Z4_TX/board" -I"/home/sesgaro/Documents/MCUXpresso_25.6.136/workspace/MKL25Z4_TX/source" -I"/home/sesgaro/Documents/MCUXpresso_25.6.136/workspace/MKL25Z4_TX" -I"/home/sesgaro/Documents/MCUXpresso_25.6.136/workspace/MKL25Z4_TX/drivers" -I"/home/sesgaro/Documents/MCUXpresso_25.6.136/workspace/MKL25Z4_TX/startup" -I"/home/sesgaro/Documents/MCUXpresso_25.6.136/workspace/MKL25Z4_TX/utilities" -I"/home/sesgaro/Documents/MCUXpresso_25.6.136/workspace/MKL25Z4_TX/CMSIS" -O0 -fno-common -g3 -gdwarf-4 -Wall -c -fmessage-length=0 -fno-builtin -ffunction-sections -fdata-sections -fmerge-constants -fmacro-prefix-map="../drivers/"= -mcpu=cortex-m0plus -mthumb -D__REDLIB__ -fstack-usage -specs=redlib.specs -MMD -MP -MF"drivers/fsl_lpsci.d" -MT"drivers/fsl_lpsci.o" -MT"drivers/fsl_lpsci.d" -o "drivers/fsl_lpsci.o" "../drivers/fsl_lpsci.c"
Building file: ../drivers/fsl_smc.c
Invoking: MCU C Compiler
Building file: ../drivers/fsl_uart.c
arm-none-eabi-gcc -DCPU_MKL25Z128VLK4 -DCPU_MKL25Z128VLK4_cm0plus -DSDK_OS_BAREMETAL -DFSL_RTOS_BM -DSDK_DEBUGCONSOLE=1 -DCR_INTEGER_PRINTF -DPRINTF_FLOAT_ENABLE=0 -D__MCUXPRESSO -D__USE_CMSIS -DDEBUG -D__REDLIB__ -I"/home/sesgaro/Documents/MCUXpresso_25.6.136/workspace/MKL25Z4_TX/board" -I"/home/sesgaro/Documents/MCUXpresso_25.6.136/workspace/MKL25Z4_TX/source" -I"/home/sesgaro/Documents/MCUXpresso_25.6.136/workspace/MKL25Z4_TX" -I"/home/sesgaro/Documents/MCUXpresso_25.6.136/workspace/MKL25Z4_TX/drivers" -I"/home/sesgaro/Documents/MCUXpresso_25.6.136/workspace/MKL25Z4_TX/startup" -I"/home/sesgaro/Documents/MCUXpresso_25.6.136/workspace/MKL25Z4_TX/utilities" -I"/home/sesgaro/Documents/MCUXpresso_25.6.136/workspace/MKL25Z4_TX/CMSIS" -O0 -fno-common -g3 -gdwarf-4 -Wall -c -fmessage-length=0 -fno-builtin -ffunction-sections -fdata-sections -fmerge-constants -fmacro-prefix-map="../drivers/"= -mcpu=cortex-m0plus -mthumb -D__REDLIB__ -fstack-usage -specs=redlib.specs -MMD -MP -MF"drivers/fsl_smc.d" -MT"drivers/fsl_smc.o" -MT"drivers/fsl_smc.d" -o "drivers/fsl_smc.o" "../drivers/fsl_smc.c"
Building file: ../board/board.c
Invoking: MCU C Compiler
arm-none-eabi-gcc -DCPU_MKL25Z128VLK4 -DCPU_MKL25Z128VLK4_cm0plus -DSDK_OS_BAREMETAL -DFSL_RTOS_BM -DSDK_DEBUGCONSOLE=1 -DCR_INTEGER_PRINTF -DPRINTF_FLOAT_ENABLE=0 -D__MCUXPRESSO -D__USE_CMSIS -DDEBUG -D__REDLIB__ -I"/home/sesgaro/Documents/MCUXpresso_25.6.136/workspace/MKL25Z4_TX/board" -I"/home/sesgaro/Documents/MCUXpresso_25.6.136/workspace/MKL25Z4_TX/source" -I"/home/sesgaro/Documents/MCUXpresso_25.6.136/workspace/MKL25Z4_TX" -I"/home/sesgaro/Documents/MCUXpresso_25.6.136/workspace/MKL25Z4_TX/drivers" -I"/home/sesgaro/Documents/MCUXpresso_25.6.136/workspace/MKL25Z4_TX/startup" -I"/home/sesgaro/Documents/MCUXpresso_25.6.136/workspace/MKL25Z4_TX/utilities" -I"/home/sesgaro/Documents/MCUXpresso_25.6.136/workspace/MKL25Z4_TX/CMSIS" -O0 -fno-common -g3 -gdwarf-4 -Wall -c -fmessage-length=0 -fno-builtin -ffunction-sections -fdata-sections -fmerge-constants -fmacro-prefix-map="../drivers/"= -mcpu=cortex-m0plus -mthumb -D__REDLIB__ -fstack-usage -specs=redlib.specs -MMD -MP -MF"drivers/fsl_uart.d" -MT"drivers/fsl_uart.o" -MT"drivers/fsl_uart.d" -o "drivers/fsl_uart.o" "../drivers/fsl_uart.c"
Invoking: MCU C Compiler
arm-none-eabi-gcc -DCPU_MKL25Z128VLK4 -DCPU_MKL25Z128VLK4_cm0plus -DSDK_OS_BAREMETAL -DFSL_RTOS_BM -DSDK_DEBUGCONSOLE=1 -DCR_INTEGER_PRINTF -DPRINTF_FLOAT_ENABLE=0 -D__MCUXPRESSO -D__USE_CMSIS -DDEBUG -D__REDLIB__ -I"/home/sesgaro/Documents/MCUXpresso_25.6.136/workspace/MKL25Z4_TX/board" -I"/home/sesgaro/Documents/MCUXpresso_25.6.136/workspace/MKL25Z4_TX/source" -I"/home/sesgaro/Documents/MCUXpresso_25.6.136/workspace/MKL25Z4_TX" -I"/home/sesgaro/Documents/MCUXpresso_25.6.136/workspace/MKL25Z4_TX/drivers" -I"/home/sesgaro/Documents/MCUXpresso_25.6.136/workspace/MKL25Z4_TX/startup" -I"/home/sesgaro/Documents/MCUXpresso_25.6.136/workspace/MKL25Z4_TX/utilities" -I"/home/sesgaro/Documents/MCUXpresso_25.6.136/workspace/MKL25Z4_TX/CMSIS" -O0 -fno-common -g3 -gdwarf-4 -Wall -c -fmessage-length=0 -fno-builtin -ffunction-sections -fdata-sections -fmerge-constants -fmacro-prefix-map="../board/"= -mcpu=cortex-m0plus -mthumb -D__REDLIB__ -fstack-usage -specs=redlib.specs -MMD -MP -MF"board/board.d" -MT"board/board.o" -MT"board/board.d" -o "board/board.o" "../board/board.c"
Building file: ../board/clock_config.c
Building file: ../board/peripherals.c
Invoking: MCU C Compiler
Building file: ../board/pin_mux.c
arm-none-eabi-gcc -DCPU_MKL25Z128VLK4 -DCPU_MKL25Z128VLK4_cm0plus -DSDK_OS_BAREMETAL -DFSL_RTOS_BM -DSDK_DEBUGCONSOLE=1 -DCR_INTEGER_PRINTF -DPRINTF_FLOAT_ENABLE=0 -D__MCUXPRESSO -D__USE_CMSIS -DDEBUG -D__REDLIB__ -I"/home/sesgaro/Documents/MCUXpresso_25.6.136/workspace/MKL25Z4_TX/board" -I"/home/sesgaro/Documents/MCUXpresso_25.6.136/workspace/MKL25Z4_TX/source" -I"/home/sesgaro/Documents/MCUXpresso_25.6.136/workspace/MKL25Z4_TX" -I"/home/sesgaro/Documents/MCUXpresso_25.6.136/workspace/MKL25Z4_TX/drivers" -I"/home/sesgaro/Documents/MCUXpresso_25.6.136/workspace/MKL25Z4_TX/startup" -I"/home/sesgaro/Documents/MCUXpresso_25.6.136/workspace/MKL25Z4_TX/utilities" -I"/home/sesgaro/Documents/MCUXpresso_25.6.136/workspace/MKL25Z4_TX/CMSIS" -O0 -fno-common -g3 -gdwarf-4 -Wall -c -fmessage-length=0 -fno-builtin -ffunction-sections -fdata-sections -fmerge-constants -fmacro-prefix-map="../board/"= -mcpu=cortex-m0plus -mthumb -D__REDLIB__ -fstack-usage -specs=redlib.specs -MMD -MP -MF"board/clock_config.d" -MT"board/clock_config.o" -MT"board/clock_config.d" -o "board/clock_config.o" "../board/clock_config.c"
Invoking: MCU C Compiler
Invoking: MCU C Compiler
arm-none-eabi-gcc -DCPU_MKL25Z128VLK4 -DCPU_MKL25Z128VLK4_cm0plus -DSDK_OS_BAREMETAL -DFSL_RTOS_BM -DSDK_DEBUGCONSOLE=1 -DCR_INTEGER_PRINTF -DPRINTF_FLOAT_ENABLE=0 -D__MCUXPRESSO -D__USE_CMSIS -DDEBUG -D__REDLIB__ -I"/home/sesgaro/Documents/MCUXpresso_25.6.136/workspace/MKL25Z4_TX/board" -I"/home/sesgaro/Documents/MCUXpresso_25.6.136/workspace/MKL25Z4_TX/source" -I"/home/sesgaro/Documents/MCUXpresso_25.6.136/workspace/MKL25Z4_TX" -I"/home/sesgaro/Documents/MCUXpresso_25.6.136/workspace/MKL25Z4_TX/drivers" -I"/home/sesgaro/Documents/MCUXpresso_25.6.136/workspace/MKL25Z4_TX/startup" -I"/home/sesgaro/Documents/MCUXpresso_25.6.136/workspace/MKL25Z4_TX/utilities" -I"/home/sesgaro/Documents/MCUXpresso_25.6.136/workspace/MKL25Z4_TX/CMSIS" -O0 -fno-common -g3 -gdwarf-4 -Wall -c -fmessage-length=0 -fno-builtin -ffunction-sections -fdata-sections -fmerge-constants -fmacro-prefix-map="../board/"= -mcpu=cortex-m0plus -mthumb -D__REDLIB__ -fstack-usage -specs=redlib.specs -MMD -MP -MF"board/pin_mux.d" -MT"board/pin_mux.o" -MT"board/pin_mux.d" -o "board/pin_mux.o" "../board/pin_mux.c"
arm-none-eabi-gcc -DCPU_MKL25Z128VLK4 -DCPU_MKL25Z128VLK4_cm0plus -DSDK_OS_BAREMETAL -DFSL_RTOS_BM -DSDK_DEBUGCONSOLE=1 -DCR_INTEGER_PRINTF -DPRINTF_FLOAT_ENABLE=0 -D__MCUXPRESSO -D__USE_CMSIS -DDEBUG -D__REDLIB__ -I"/home/sesgaro/Documents/MCUXpresso_25.6.136/workspace/MKL25Z4_TX/board" -I"/home/sesgaro/Documents/MCUXpresso_25.6.136/workspace/MKL25Z4_TX/source" -I"/home/sesgaro/Documents/MCUXpresso_25.6.136/workspace/MKL25Z4_TX" -I"/home/sesgaro/Documents/MCUXpresso_25.6.136/workspace/MKL25Z4_TX/drivers" -I"/home/sesgaro/Documents/MCUXpresso_25.6.136/workspace/MKL25Z4_TX/startup" -I"/home/sesgaro/Documents/MCUXpresso_25.6.136/workspace/MKL25Z4_TX/utilities" -I"/home/sesgaro/Documents/MCUXpresso_25.6.136/workspace/MKL25Z4_TX/CMSIS" -O0 -fno-common -g3 -gdwarf-4 -Wall -c -fmessage-length=0 -fno-builtin -ffunction-sections -fdata-sections -fmerge-constants -fmacro-prefix-map="../board/"= -mcpu=cortex-m0plus -mthumb -D__REDLIB__ -fstack-usage -specs=redlib.specs -MMD -MP -MF"board/peripherals.d" -MT"board/peripherals.o" -MT"board/peripherals.d" -o "board/peripherals.o" "../board/peripherals.c"
Finished building: ../source/mtb.c
 
Building file: ../CMSIS/system_MKL25Z4.c
Invoking: MCU C Compiler
arm-none-eabi-gcc -DCPU_MKL25Z128VLK4 -DCPU_MKL25Z128VLK4_cm0plus -DSDK_OS_BAREMETAL -DFSL_RTOS_BM -DSDK_DEBUGCONSOLE=1 -DCR_INTEGER_PRINTF -DPRINTF_FLOAT_ENABLE=0 -D__MCUXPRESSO -D__USE_CMSIS -DDEBUG -D__REDLIB__ -I"/home/sesgaro/Documents/MCUXpresso_25.6.136/workspace/MKL25Z4_TX/board" -I"/home/sesgaro/Documents/MCUXpresso_25.6.136/workspace/MKL25Z4_TX/source" -I"/home/sesgaro/Documents/MCUXpresso_25.6.136/workspace/MKL25Z4_TX" -I"/home/sesgaro/Documents/MCUXpresso_25.6.136/workspace/MKL25Z4_TX/drivers" -I"/home/sesgaro/Documents/MCUXpresso_25.6.136/workspace/MKL25Z4_TX/startup" -I"/home/sesgaro/Documents/MCUXpresso_25.6.136/workspace/MKL25Z4_TX/utilities" -I"/home/sesgaro/Documents/MCUXpresso_25.6.136/workspace/MKL25Z4_TX/CMSIS" -O0 -fno-common -g3 -gdwarf-4 -Wall -c -fmessage-length=0 -fno-builtin -ffunction-sections -fdata-sections -fmerge-constants -fmacro-prefix-map="../CMSIS/"= -mcpu=cortex-m0plus -mthumb -D__REDLIB__ -fstack-usage -specs=redlib.specs -MMD -MP -MF"CMSIS/system_MKL25Z4.d" -MT"CMSIS/system_MKL25Z4.o" -MT"CMSIS/system_MKL25Z4.d" -o "CMSIS/system_MKL25Z4.o" "../CMSIS/system_MKL25Z4.c"
Finished building: ../source/semihost_hardfault.c
 
../utilities/fsl_debug_console.c: In function 'DbgConsole_Getchar':
../utilities/fsl_debug_console.c:482:31: warning: 'ch' may be used uninitialized [-Wmaybe-uninitialized]
  482 |     while (kStatus_Success != s_debugConsole.ops.rx_union.GetChar(s_debugConsole.base, (uint8_t *)(&ch), 1))
      |                               ^~~~~~~~~~~~~~~~~~~~~~~~~~~~~~~~~~~~~~~~~~~~~~~~~~~~~~~~~~~~~~~~~~~~~~~~~~~~~
../utilities/fsl_debug_console.c:482:31: note: by argument 2 of type 'const uint8_t *' {aka 'const unsigned char *'} to 'status_t(void *, const uint8_t *, size_t)' {aka 'int(void *, const unsigned char *, unsigned int)'}
../utilities/fsl_debug_console.c:476:10: note: 'ch' declared here
  476 |     char ch;
      |          ^~
Finished building: ../board/peripherals.c
 
Finished building: ../startup/startup_mkl25z4.c
Finished building: ../source/MKL25Z4_TX.c
 
 
Finished building: ../board/board.c
 
Finished building: ../drivers/fsl_gpio.c
 
Finished building: ../drivers/fsl_common.c
 
Finished building: ../board/pin_mux.c
 
Finished building: ../CMSIS/system_MKL25Z4.c
Finished building: ../drivers/fsl_smc.c
 
 
Finished building: ../board/clock_config.c
 
Finished building: ../utilities/fsl_debug_console.c
 
Finished building: ../drivers/fsl_flash.c
 
Finished building: ../drivers/fsl_lpsci.c
 
Finished building: ../drivers/fsl_uart.c
 
Finished building: ../drivers/fsl_clock.c
 
Building target: MKL25Z4_TX.axf
Invoking: MCU Linker
Template not found for name memory.ldt.
The name was interpreted by this TemplateLoader: com.crt.advproject.linkertemplate.FMLinkerFileTemplateLoader@3cd5f4fa.
make[1]: *** [makefile:49: MKL25Z4_TX.axf] Error 1
make: *** [makefile:40: all] Error 2
"make -r -j16 all" terminated with exit code 2. Build might be incomplete.
18:37:58 **** Build of configuration Debug for project MKL25Z4_TX ****
make -r -j16 all 
Building file: ../source/MKL25Z4_TX.c
Invoking: MCU C Compiler
arm-none-eabi-gcc -DCPU_MKL25Z128VLK4 -DCPU_MKL25Z128VLK4_cm0plus -DSDK_OS_BAREMETAL -DFSL_RTOS_BM -DSDK_DEBUGCONSOLE=1 -DCR_INTEGER_PRINTF -DPRINTF_FLOAT_ENABLE=0 -D__MCUXPRESSO -D__USE_CMSIS -DDEBUG -D__REDLIB__ -I"/home/sesgaro/Documents/MCUXpresso_25.6.136/workspace/MKL25Z4_TX/board" -I"/home/sesgaro/Documents/MCUXpresso_25.6.136/workspace/MKL25Z4_TX/source" -I"/home/sesgaro/Documents/MCUXpresso_25.6.136/workspace/MKL25Z4_TX" -I"/home/sesgaro/Documents/MCUXpresso_25.6.136/workspace/MKL25Z4_TX/drivers" -I"/home/sesgaro/Documents/MCUXpresso_25.6.136/workspace/MKL25Z4_TX/startup" -I"/home/sesgaro/Documents/MCUXpresso_25.6.136/workspace/MKL25Z4_TX/utilities" -I"/home/sesgaro/Documents/MCUXpresso_25.6.136/workspace/MKL25Z4_TX/CMSIS" -O0 -fno-common -g3 -gdwarf-4 -Wall -c -fmessage-length=0 -fno-builtin -ffunction-sections -fdata-sections -fmerge-constants -fmacro-prefix-map="../source/"= -mcpu=cortex-m0plus -mthumb -D__REDLIB__ -fstack-usage -specs=redlib.specs -MMD -MP -MF"source/MKL25Z4_TX.d" -MT"source/MKL25Z4_TX.o" -MT"source/MKL25Z4_TX.d" -o "source/MKL25Z4_TX.o" "../source/MKL25Z4_TX.c"
Finished building: ../source/MKL25Z4_TX.c
 
Building target: MKL25Z4_TX.axf
Invoking: MCU Linker
Template not found for name memory.ldt.
The name was interpreted by this TemplateLoader: com.crt.advproject.linkertemplate.FMLinkerFileTemplateLoader@3cd5f4fa.
make[1]: *** [makefile:49: MKL25Z4_TX.axf] Error 1
make: *** [makefile:40: all] Error 2
"make -r -j16 all" terminated with exit code 2. Build might be incomplete.
18:50:11 **** Incremental Build of configuration Debug for project MKL25Z4_TX ****
make -r -j16 all 
Building target: MKL25Z4_TX.axf
Invoking: MCU Linker
arm-none-eabi-gcc -nostdlib -Xlinker -Map="MKL25Z4_TX.map" -Xlinker --gc-sections -Xlinker -print-memory-usage -Xlinker --sort-section=alignment -Xlinker --cref -mcpu=cortex-m0plus -mthumb -T MKL25Z4_TX_Debug.ld -o "MKL25Z4_TX.axf" ./utilities/fsl_debug_console.o  ./startup/startup_mkl25z4.o  ./source/MKL25Z4_TX.o ./source/mtb.o ./source/semihost_hardfault.o  ./drivers/fsl_clock.o ./drivers/fsl_common.o ./drivers/fsl_flash.o ./drivers/fsl_gpio.o ./drivers/fsl_lpsci.o ./drivers/fsl_smc.o ./drivers/fsl_uart.o  ./board/board.o ./board/clock_config.o ./board/peripherals.o ./board/pin_mux.o  ./CMSIS/system_MKL25Z4.o   
Memory region         Used Size  Region Size  %age Used
   PROGRAM_FLASH:        2900 B       128 KB      2.21%
            SRAM:        2384 B        16 KB     14.55%
Finished building target: MKL25Z4_TX.axf
 
Performing post-build steps
arm-none-eabi-size "MKL25Z4_TX.axf"; # arm-none-eabi-objcopy -v -O binary "MKL25Z4_TX.axf" "MKL25Z4_TX.bin" ; # checksum -p MKL25Z128xxx4 -d "MKL25Z4_TX.bin";
   text	   data	    bss	    dec	    hex	filename
   2900	      0	   2384	   5284	   14a4	MKL25Z4_TX.axf
 
18:51:39 **** Build of configuration Debug for project MKL25Z4_TX ****
make -r -j16 all 
make[1]: Nothing to be done for 'main-build'.
Performing post-build steps
arm-none-eabi-size "MKL25Z4_TX.axf"; # arm-none-eabi-objcopy -v -O binary "MKL25Z4_TX.axf" "MKL25Z4_TX.bin" ; # checksum -p MKL25Z128xxx4 -d "MKL25Z4_TX.bin";
   text	   data	    bss	    dec	    hex	filename
   2900	      0	   2384	   5284	   14a4	MKL25Z4_TX.axf
 
18:55:11 **** Build of configuration Debug for project MKL25Z4_TX ****
make -r -j16 all 
Building file: ../source/MKL25Z4_TX.c
Invoking: MCU C Compiler
arm-none-eabi-gcc -DCPU_MKL25Z128VLK4 -DCPU_MKL25Z128VLK4_cm0plus -DSDK_OS_BAREMETAL -DFSL_RTOS_BM -DSDK_DEBUGCONSOLE=1 -DCR_INTEGER_PRINTF -DPRINTF_FLOAT_ENABLE=0 -D__MCUXPRESSO -D__USE_CMSIS -DDEBUG -D__REDLIB__ -I"/home/sesgaro/Documents/MCUXpresso_25.6.136/workspace/MKL25Z4_TX/board" -I"/home/sesgaro/Documents/MCUXpresso_25.6.136/workspace/MKL25Z4_TX/source" -I"/home/sesgaro/Documents/MCUXpresso_25.6.136/workspace/MKL25Z4_TX" -I"/home/sesgaro/Documents/MCUXpresso_25.6.136/workspace/MKL25Z4_TX/drivers" -I"/home/sesgaro/Documents/MCUXpresso_25.6.136/workspace/MKL25Z4_TX/startup" -I"/home/sesgaro/Documents/MCUXpresso_25.6.136/workspace/MKL25Z4_TX/utilities" -I"/home/sesgaro/Documents/MCUXpresso_25.6.136/workspace/MKL25Z4_TX/CMSIS" -O0 -fno-common -g3 -gdwarf-4 -Wall -c -fmessage-length=0 -fno-builtin -ffunction-sections -fdata-sections -fmerge-constants -fmacro-prefix-map="../source/"= -mcpu=cortex-m0plus -mthumb -D__REDLIB__ -fstack-usage -specs=redlib.specs -MMD -MP -MF"source/MKL25Z4_TX.d" -MT"source/MKL25Z4_TX.o" -MT"source/MKL25Z4_TX.d" -o "source/MKL25Z4_TX.o" "../source/MKL25Z4_TX.c"
Finished building: ../source/MKL25Z4_TX.c
 
Building target: MKL25Z4_TX.axf
Invoking: MCU Linker
arm-none-eabi-gcc -nostdlib -Xlinker -Map="MKL25Z4_TX.map" -Xlinker --gc-sections -Xlinker -print-memory-usage -Xlinker --sort-section=alignment -Xlinker --cref -mcpu=cortex-m0plus -mthumb -T MKL25Z4_TX_Debug.ld -o "MKL25Z4_TX.axf" ./utilities/fsl_debug_console.o  ./startup/startup_mkl25z4.o  ./source/MKL25Z4_TX.o ./source/mtb.o ./source/semihost_hardfault.o  ./drivers/fsl_clock.o ./drivers/fsl_common.o ./drivers/fsl_flash.o ./drivers/fsl_gpio.o ./drivers/fsl_lpsci.o ./drivers/fsl_smc.o ./drivers/fsl_uart.o  ./board/board.o ./board/clock_config.o ./board/peripherals.o ./board/pin_mux.o  ./CMSIS/system_MKL25Z4.o   
Memory region         Used Size  Region Size  %age Used
   PROGRAM_FLASH:        2900 B       128 KB      2.21%
            SRAM:        2384 B        16 KB     14.55%
Finished building target: MKL25Z4_TX.axf
 
Performing post-build steps
arm-none-eabi-size "MKL25Z4_TX.axf"; # arm-none-eabi-objcopy -v -O binary "MKL25Z4_TX.axf" "MKL25Z4_TX.bin" ; # checksum -p MKL25Z128xxx4 -d "MKL25Z4_TX.bin";
   text	   data	    bss	    dec	    hex	filename
   2900	      0	   2384	   5284	   14a4	MKL25Z4_TX.axf
 
18:58:34 **** Build of configuration Debug for project MKL25Z4_TX ****
make -r -j16 all 
Building file: ../source/MKL25Z4_TX.c
Invoking: MCU C Compiler
arm-none-eabi-gcc -DCPU_MKL25Z128VLK4 -DCPU_MKL25Z128VLK4_cm0plus -DSDK_OS_BAREMETAL -DFSL_RTOS_BM -DSDK_DEBUGCONSOLE=1 -DCR_INTEGER_PRINTF -DPRINTF_FLOAT_ENABLE=0 -D__MCUXPRESSO -D__USE_CMSIS -DDEBUG -D__REDLIB__ -I"/home/sesgaro/Documents/MCUXpresso_25.6.136/workspace/MKL25Z4_TX/board" -I"/home/sesgaro/Documents/MCUXpresso_25.6.136/workspace/MKL25Z4_TX/source" -I"/home/sesgaro/Documents/MCUXpresso_25.6.136/workspace/MKL25Z4_TX" -I"/home/sesgaro/Documents/MCUXpresso_25.6.136/workspace/MKL25Z4_TX/drivers" -I"/home/sesgaro/Documents/MCUXpresso_25.6.136/workspace/MKL25Z4_TX/startup" -I"/home/sesgaro/Documents/MCUXpresso_25.6.136/workspace/MKL25Z4_TX/utilities" -I"/home/sesgaro/Documents/MCUXpresso_25.6.136/workspace/MKL25Z4_TX/CMSIS" -O0 -fno-common -g3 -gdwarf-4 -Wall -c -fmessage-length=0 -fno-builtin -ffunction-sections -fdata-sections -fmerge-constants -fmacro-prefix-map="../source/"= -mcpu=cortex-m0plus -mthumb -D__REDLIB__ -fstack-usage -specs=redlib.specs -MMD -MP -MF"source/MKL25Z4_TX.d" -MT"source/MKL25Z4_TX.o" -MT"source/MKL25Z4_TX.d" -o "source/MKL25Z4_TX.o" "../source/MKL25Z4_TX.c"
Finished building: ../source/MKL25Z4_TX.c
 
Building target: MKL25Z4_TX.axf
Invoking: MCU Linker
arm-none-eabi-gcc -nostdlib -Xlinker -Map="MKL25Z4_TX.map" -Xlinker --gc-sections -Xlinker -print-memory-usage -Xlinker --sort-section=alignment -Xlinker --cref -mcpu=cortex-m0plus -mthumb -T MKL25Z4_TX_Debug.ld -o "MKL25Z4_TX.axf" ./utilities/fsl_debug_console.o  ./startup/startup_mkl25z4.o  ./source/MKL25Z4_TX.o ./source/mtb.o ./source/semihost_hardfault.o  ./drivers/fsl_clock.o ./drivers/fsl_common.o ./drivers/fsl_flash.o ./drivers/fsl_gpio.o ./drivers/fsl_lpsci.o ./drivers/fsl_smc.o ./drivers/fsl_uart.o  ./board/board.o ./board/clock_config.o ./board/peripherals.o ./board/pin_mux.o  ./CMSIS/system_MKL25Z4.o   
Memory region         Used Size  Region Size  %age Used
   PROGRAM_FLASH:        2900 B       128 KB      2.21%
            SRAM:        2384 B        16 KB     14.55%
Finished building target: MKL25Z4_TX.axf
 
Performing post-build steps
arm-none-eabi-size "MKL25Z4_TX.axf"; # arm-none-eabi-objcopy -v -O binary "MKL25Z4_TX.axf" "MKL25Z4_TX.bin" ; # checksum -p MKL25Z128xxx4 -d "MKL25Z4_TX.bin";
   text	   data	    bss	    dec	    hex	filename
   2900	      0	   2384	   5284	   14a4	MKL25Z4_TX.axf
 
19:02:24 **** Build of configuration Debug for project MKL25Z4_TX ****
make -r -j16 all 
Building file: ../source/MKL25Z4_TX.c
Invoking: MCU C Compiler
arm-none-eabi-gcc -DCPU_MKL25Z128VLK4 -DCPU_MKL25Z128VLK4_cm0plus -DSDK_OS_BAREMETAL -DFSL_RTOS_BM -DSDK_DEBUGCONSOLE=1 -DCR_INTEGER_PRINTF -DPRINTF_FLOAT_ENABLE=0 -D__MCUXPRESSO -D__USE_CMSIS -DDEBUG -D__REDLIB__ -I"/home/sesgaro/Documents/MCUXpresso_25.6.136/workspace/MKL25Z4_TX/board" -I"/home/sesgaro/Documents/MCUXpresso_25.6.136/workspace/MKL25Z4_TX/source" -I"/home/sesgaro/Documents/MCUXpresso_25.6.136/workspace/MKL25Z4_TX" -I"/home/sesgaro/Documents/MCUXpresso_25.6.136/workspace/MKL25Z4_TX/drivers" -I"/home/sesgaro/Documents/MCUXpresso_25.6.136/workspace/MKL25Z4_TX/startup" -I"/home/sesgaro/Documents/MCUXpresso_25.6.136/workspace/MKL25Z4_TX/utilities" -I"/home/sesgaro/Documents/MCUXpresso_25.6.136/workspace/MKL25Z4_TX/CMSIS" -O0 -fno-common -g3 -gdwarf-4 -Wall -c -fmessage-length=0 -fno-builtin -ffunction-sections -fdata-sections -fmerge-constants -fmacro-prefix-map="../source/"= -mcpu=cortex-m0plus -mthumb -D__REDLIB__ -fstack-usage -specs=redlib.specs -MMD -MP -MF"source/MKL25Z4_TX.d" -MT"source/MKL25Z4_TX.o" -MT"source/MKL25Z4_TX.d" -o "source/MKL25Z4_TX.o" "../source/MKL25Z4_TX.c"
Finished building: ../source/MKL25Z4_TX.c
 
Building target: MKL25Z4_TX.axf
Invoking: MCU Linker
arm-none-eabi-gcc -nostdlib -Xlinker -Map="MKL25Z4_TX.map" -Xlinker --gc-sections -Xlinker -print-memory-usage -Xlinker --sort-section=alignment -Xlinker --cref -mcpu=cortex-m0plus -mthumb -T MKL25Z4_TX_Debug.ld -o "MKL25Z4_TX.axf" ./utilities/fsl_debug_console.o  ./startup/startup_mkl25z4.o  ./source/MKL25Z4_TX.o ./source/mtb.o ./source/semihost_hardfault.o  ./drivers/fsl_clock.o ./drivers/fsl_common.o ./drivers/fsl_flash.o ./drivers/fsl_gpio.o ./drivers/fsl_lpsci.o ./drivers/fsl_smc.o ./drivers/fsl_uart.o  ./board/board.o ./board/clock_config.o ./board/peripherals.o ./board/pin_mux.o  ./CMSIS/system_MKL25Z4.o   
Memory region         Used Size  Region Size  %age Used
   PROGRAM_FLASH:        2912 B       128 KB      2.22%
            SRAM:        2384 B        16 KB     14.55%
Finished building target: MKL25Z4_TX.axf
 
Performing post-build steps
arm-none-eabi-size "MKL25Z4_TX.axf"; # arm-none-eabi-objcopy -v -O binary "MKL25Z4_TX.axf" "MKL25Z4_TX.bin" ; # checksum -p MKL25Z128xxx4 -d "MKL25Z4_TX.bin";
   text	   data	    bss	    dec	    hex	filename
   2912	      0	   2384	   5296	   14b0	MKL25Z4_TX.axf
 
19:04:24 **** Build of configuration Debug for project MKL25Z4_TX ****
make -r -j16 all 
Building file: ../source/MKL25Z4_TX.c
Invoking: MCU C Compiler
arm-none-eabi-gcc -DCPU_MKL25Z128VLK4 -DCPU_MKL25Z128VLK4_cm0plus -DSDK_OS_BAREMETAL -DFSL_RTOS_BM -DSDK_DEBUGCONSOLE=1 -DCR_INTEGER_PRINTF -DPRINTF_FLOAT_ENABLE=0 -D__MCUXPRESSO -D__USE_CMSIS -DDEBUG -D__REDLIB__ -I"/home/sesgaro/Documents/MCUXpresso_25.6.136/workspace/MKL25Z4_TX/board" -I"/home/sesgaro/Documents/MCUXpresso_25.6.136/workspace/MKL25Z4_TX/source" -I"/home/sesgaro/Documents/MCUXpresso_25.6.136/workspace/MKL25Z4_TX" -I"/home/sesgaro/Documents/MCUXpresso_25.6.136/workspace/MKL25Z4_TX/drivers" -I"/home/sesgaro/Documents/MCUXpresso_25.6.136/workspace/MKL25Z4_TX/startup" -I"/home/sesgaro/Documents/MCUXpresso_25.6.136/workspace/MKL25Z4_TX/utilities" -I"/home/sesgaro/Documents/MCUXpresso_25.6.136/workspace/MKL25Z4_TX/CMSIS" -O0 -fno-common -g3 -gdwarf-4 -Wall -c -fmessage-length=0 -fno-builtin -ffunction-sections -fdata-sections -fmerge-constants -fmacro-prefix-map="../source/"= -mcpu=cortex-m0plus -mthumb -D__REDLIB__ -fstack-usage -specs=redlib.specs -MMD -MP -MF"source/MKL25Z4_TX.d" -MT"source/MKL25Z4_TX.o" -MT"source/MKL25Z4_TX.d" -o "source/MKL25Z4_TX.o" "../source/MKL25Z4_TX.c"
Finished building: ../source/MKL25Z4_TX.c
 
Building target: MKL25Z4_TX.axf
Invoking: MCU Linker
arm-none-eabi-gcc -nostdlib -Xlinker -Map="MKL25Z4_TX.map" -Xlinker --gc-sections -Xlinker -print-memory-usage -Xlinker --sort-section=alignment -Xlinker --cref -mcpu=cortex-m0plus -mthumb -T MKL25Z4_TX_Debug.ld -o "MKL25Z4_TX.axf" ./utilities/fsl_debug_console.o  ./startup/startup_mkl25z4.o  ./source/MKL25Z4_TX.o ./source/mtb.o ./source/semihost_hardfault.o  ./drivers/fsl_clock.o ./drivers/fsl_common.o ./drivers/fsl_flash.o ./drivers/fsl_gpio.o ./drivers/fsl_lpsci.o ./drivers/fsl_smc.o ./drivers/fsl_uart.o  ./board/board.o ./board/clock_config.o ./board/peripherals.o ./board/pin_mux.o  ./CMSIS/system_MKL25Z4.o   
Memory region         Used Size  Region Size  %age Used
   PROGRAM_FLASH:        2912 B       128 KB      2.22%
            SRAM:        2384 B        16 KB     14.55%
Finished building target: MKL25Z4_TX.axf
 
Performing post-build steps
arm-none-eabi-size "MKL25Z4_TX.axf"; # arm-none-eabi-objcopy -v -O binary "MKL25Z4_TX.axf" "MKL25Z4_TX.bin" ; # checksum -p MKL25Z128xxx4 -d "MKL25Z4_TX.bin";
   text	   data	    bss	    dec	    hex	filename
   2912	      0	   2384	   5296	   14b0	MKL25Z4_TX.axf
 
19:06:04 **** Build of configuration Debug for project MKL25Z4_TX ****
make -r -j16 all 
Building file: ../source/MKL25Z4_TX.c
Invoking: MCU C Compiler
arm-none-eabi-gcc -DCPU_MKL25Z128VLK4 -DCPU_MKL25Z128VLK4_cm0plus -DSDK_OS_BAREMETAL -DFSL_RTOS_BM -DSDK_DEBUGCONSOLE=1 -DCR_INTEGER_PRINTF -DPRINTF_FLOAT_ENABLE=0 -D__MCUXPRESSO -D__USE_CMSIS -DDEBUG -D__REDLIB__ -I"/home/sesgaro/Documents/MCUXpresso_25.6.136/workspace/MKL25Z4_TX/board" -I"/home/sesgaro/Documents/MCUXpresso_25.6.136/workspace/MKL25Z4_TX/source" -I"/home/sesgaro/Documents/MCUXpresso_25.6.136/workspace/MKL25Z4_TX" -I"/home/sesgaro/Documents/MCUXpresso_25.6.136/workspace/MKL25Z4_TX/drivers" -I"/home/sesgaro/Documents/MCUXpresso_25.6.136/workspace/MKL25Z4_TX/startup" -I"/home/sesgaro/Documents/MCUXpresso_25.6.136/workspace/MKL25Z4_TX/utilities" -I"/home/sesgaro/Documents/MCUXpresso_25.6.136/workspace/MKL25Z4_TX/CMSIS" -O0 -fno-common -g3 -gdwarf-4 -Wall -c -fmessage-length=0 -fno-builtin -ffunction-sections -fdata-sections -fmerge-constants -fmacro-prefix-map="../source/"= -mcpu=cortex-m0plus -mthumb -D__REDLIB__ -fstack-usage -specs=redlib.specs -MMD -MP -MF"source/MKL25Z4_TX.d" -MT"source/MKL25Z4_TX.o" -MT"source/MKL25Z4_TX.d" -o "source/MKL25Z4_TX.o" "../source/MKL25Z4_TX.c"
../source/MKL25Z4_TX.c:16:13: warning: 'config_sys_clock' defined but not used [-Wunused-function]
   16 | static void config_sys_clock(void) {
      |             ^~~~~~~~~~~~~~~~
Finished building: ../source/MKL25Z4_TX.c
 
Building target: MKL25Z4_TX.axf
Invoking: MCU Linker
arm-none-eabi-gcc -nostdlib -Xlinker -Map="MKL25Z4_TX.map" -Xlinker --gc-sections -Xlinker -print-memory-usage -Xlinker --sort-section=alignment -Xlinker --cref -mcpu=cortex-m0plus -mthumb -T MKL25Z4_TX_Debug.ld -o "MKL25Z4_TX.axf" ./utilities/fsl_debug_console.o  ./startup/startup_mkl25z4.o  ./source/MKL25Z4_TX.o ./source/mtb.o ./source/semihost_hardfault.o  ./drivers/fsl_clock.o ./drivers/fsl_common.o ./drivers/fsl_flash.o ./drivers/fsl_gpio.o ./drivers/fsl_lpsci.o ./drivers/fsl_smc.o ./drivers/fsl_uart.o  ./board/board.o ./board/clock_config.o ./board/peripherals.o ./board/pin_mux.o  ./CMSIS/system_MKL25Z4.o   
Memory region         Used Size  Region Size  %age Used
   PROGRAM_FLASH:        2912 B       128 KB      2.22%
            SRAM:        2384 B        16 KB     14.55%
Finished building target: MKL25Z4_TX.axf
 
Performing post-build steps
arm-none-eabi-size "MKL25Z4_TX.axf"; # arm-none-eabi-objcopy -v -O binary "MKL25Z4_TX.axf" "MKL25Z4_TX.bin" ; # checksum -p MKL25Z128xxx4 -d "MKL25Z4_TX.bin";
   text	   data	    bss	    dec	    hex	filename
   2912	      0	   2384	   5296	   14b0	MKL25Z4_TX.axf
 
19:08:04 **** Build of configuration Debug for project MKL25Z4_TX ****
make -r -j16 all 
Building file: ../source/MKL25Z4_TX.c
Invoking: MCU C Compiler
arm-none-eabi-gcc -DCPU_MKL25Z128VLK4 -DCPU_MKL25Z128VLK4_cm0plus -DSDK_OS_BAREMETAL -DFSL_RTOS_BM -DSDK_DEBUGCONSOLE=1 -DCR_INTEGER_PRINTF -DPRINTF_FLOAT_ENABLE=0 -D__MCUXPRESSO -D__USE_CMSIS -DDEBUG -D__REDLIB__ -I"/home/sesgaro/Documents/MCUXpresso_25.6.136/workspace/MKL25Z4_TX/board" -I"/home/sesgaro/Documents/MCUXpresso_25.6.136/workspace/MKL25Z4_TX/source" -I"/home/sesgaro/Documents/MCUXpresso_25.6.136/workspace/MKL25Z4_TX" -I"/home/sesgaro/Documents/MCUXpresso_25.6.136/workspace/MKL25Z4_TX/drivers" -I"/home/sesgaro/Documents/MCUXpresso_25.6.136/workspace/MKL25Z4_TX/startup" -I"/home/sesgaro/Documents/MCUXpresso_25.6.136/workspace/MKL25Z4_TX/utilities" -I"/home/sesgaro/Documents/MCUXpresso_25.6.136/workspace/MKL25Z4_TX/CMSIS" -O0 -fno-common -g3 -gdwarf-4 -Wall -c -fmessage-length=0 -fno-builtin -ffunction-sections -fdata-sections -fmerge-constants -fmacro-prefix-map="../source/"= -mcpu=cortex-m0plus -mthumb -D__REDLIB__ -fstack-usage -specs=redlib.specs -MMD -MP -MF"source/MKL25Z4_TX.d" -MT"source/MKL25Z4_TX.o" -MT"source/MKL25Z4_TX.d" -o "source/MKL25Z4_TX.o" "../source/MKL25Z4_TX.c"
Finished building: ../source/MKL25Z4_TX.c
 
Building target: MKL25Z4_TX.axf
Invoking: MCU Linker
arm-none-eabi-gcc -nostdlib -Xlinker -Map="MKL25Z4_TX.map" -Xlinker --gc-sections -Xlinker -print-memory-usage -Xlinker --sort-section=alignment -Xlinker --cref -mcpu=cortex-m0plus -mthumb -T MKL25Z4_TX_Debug.ld -o "MKL25Z4_TX.axf" ./utilities/fsl_debug_console.o  ./startup/startup_mkl25z4.o  ./source/MKL25Z4_TX.o ./source/mtb.o ./source/semihost_hardfault.o  ./drivers/fsl_clock.o ./drivers/fsl_common.o ./drivers/fsl_flash.o ./drivers/fsl_gpio.o ./drivers/fsl_lpsci.o ./drivers/fsl_smc.o ./drivers/fsl_uart.o  ./board/board.o ./board/clock_config.o ./board/peripherals.o ./board/pin_mux.o  ./CMSIS/system_MKL25Z4.o   
Memory region         Used Size  Region Size  %age Used
   PROGRAM_FLASH:        2964 B       128 KB      2.26%
            SRAM:        2384 B        16 KB     14.55%
Finished building target: MKL25Z4_TX.axf
 
Performing post-build steps
arm-none-eabi-size "MKL25Z4_TX.axf"; # arm-none-eabi-objcopy -v -O binary "MKL25Z4_TX.axf" "MKL25Z4_TX.bin" ; # checksum -p MKL25Z128xxx4 -d "MKL25Z4_TX.bin";
   text	   data	    bss	    dec	    hex	filename
   2964	      0	   2384	   5348	   14e4	MKL25Z4_TX.axf
 
19:20:35 **** Build of configuration Debug for project MKL25Z4_TX ****
make -r -j16 all 
Building file: ../source/MKL25Z4_TX.c
Invoking: MCU C Compiler
arm-none-eabi-gcc -DCPU_MKL25Z128VLK4 -DCPU_MKL25Z128VLK4_cm0plus -DSDK_OS_BAREMETAL -DFSL_RTOS_BM -DSDK_DEBUGCONSOLE=1 -DCR_INTEGER_PRINTF -DPRINTF_FLOAT_ENABLE=0 -D__MCUXPRESSO -D__USE_CMSIS -DDEBUG -D__REDLIB__ -I"/home/sesgaro/Documents/MCUXpresso_25.6.136/workspace/MKL25Z4_TX/board" -I"/home/sesgaro/Documents/MCUXpresso_25.6.136/workspace/MKL25Z4_TX/source" -I"/home/sesgaro/Documents/MCUXpresso_25.6.136/workspace/MKL25Z4_TX" -I"/home/sesgaro/Documents/MCUXpresso_25.6.136/workspace/MKL25Z4_TX/drivers" -I"/home/sesgaro/Documents/MCUXpresso_25.6.136/workspace/MKL25Z4_TX/startup" -I"/home/sesgaro/Documents/MCUXpresso_25.6.136/workspace/MKL25Z4_TX/utilities" -I"/home/sesgaro/Documents/MCUXpresso_25.6.136/workspace/MKL25Z4_TX/CMSIS" -O0 -fno-common -g3 -gdwarf-4 -Wall -c -fmessage-length=0 -fno-builtin -ffunction-sections -fdata-sections -fmerge-constants -fmacro-prefix-map="../source/"= -mcpu=cortex-m0plus -mthumb -D__REDLIB__ -fstack-usage -specs=redlib.specs -MMD -MP -MF"source/MKL25Z4_TX.d" -MT"source/MKL25Z4_TX.o" -MT"source/MKL25Z4_TX.d" -o "source/MKL25Z4_TX.o" "../source/MKL25Z4_TX.c"
Finished building: ../source/MKL25Z4_TX.c
 
Building target: MKL25Z4_TX.axf
Invoking: MCU Linker
arm-none-eabi-gcc -nostdlib -Xlinker -Map="MKL25Z4_TX.map" -Xlinker --gc-sections -Xlinker -print-memory-usage -Xlinker --sort-section=alignment -Xlinker --cref -mcpu=cortex-m0plus -mthumb -T MKL25Z4_TX_Debug.ld -o "MKL25Z4_TX.axf" ./utilities/fsl_debug_console.o  ./startup/startup_mkl25z4.o  ./source/MKL25Z4_TX.o ./source/mtb.o ./source/semihost_hardfault.o  ./drivers/fsl_clock.o ./drivers/fsl_common.o ./drivers/fsl_flash.o ./drivers/fsl_gpio.o ./drivers/fsl_lpsci.o ./drivers/fsl_smc.o ./drivers/fsl_uart.o  ./board/board.o ./board/clock_config.o ./board/peripherals.o ./board/pin_mux.o  ./CMSIS/system_MKL25Z4.o   
Memory region         Used Size  Region Size  %age Used
   PROGRAM_FLASH:        2900 B       128 KB      2.21%
            SRAM:        2384 B        16 KB     14.55%
Finished building target: MKL25Z4_TX.axf
 
Performing post-build steps
arm-none-eabi-size "MKL25Z4_TX.axf"; # arm-none-eabi-objcopy -v -O binary "MKL25Z4_TX.axf" "MKL25Z4_TX.bin" ; # checksum -p MKL25Z128xxx4 -d "MKL25Z4_TX.bin";
   text	   data	    bss	    dec	    hex	filename
   2900	      0	   2384	   5284	   14a4	MKL25Z4_TX.axf
 
12:36:12 **** Build of configuration Debug for project practica_uart ****
make -r -j16 all 
Building file: ../utilities/fsl_debug_console.c
Building file: ../startup/startup_mkl25z4.c
Building file: ../source/mtb.c
Building file: ../source/practica_uart.c
Invoking: MCU C Compiler
Invoking: MCU C Compiler
Invoking: MCU C Compiler
arm-none-eabi-gcc -D__REDLIB__ -DCPU_MKL25Z128VLK4 -DCPU_MKL25Z128VLK4_cm0plus -DSDK_OS_BAREMETAL -DFSL_RTOS_BM -DSDK_DEBUGCONSOLE=1 -DCR_INTEGER_PRINTF -DPRINTF_FLOAT_ENABLE=0 -D__MCUXPRESSO -D__USE_CMSIS -DDEBUG -I"/home/sesgaro/Documents/MCUXpresso_25.6.136/workspace/practica_uart/board" -I"/home/sesgaro/Documents/MCUXpresso_25.6.136/workspace/practica_uart/source" -I"/home/sesgaro/Documents/MCUXpresso_25.6.136/workspace/practica_uart" -I"/home/sesgaro/Documents/MCUXpresso_25.6.136/workspace/practica_uart/drivers" -I"/home/sesgaro/Documents/MCUXpresso_25.6.136/workspace/practica_uart/startup" -I"/home/sesgaro/Documents/MCUXpresso_25.6.136/workspace/practica_uart/utilities" -I"/home/sesgaro/Documents/MCUXpresso_25.6.136/workspace/practica_uart/CMSIS" -O0 -fno-common -g3 -gdwarf-4 -Wall -c -fmessage-length=0 -fno-builtin -ffunction-sections -fdata-sections -fmerge-constants -fmacro-prefix-map="../utilities/"= -mcpu=cortex-m0plus -mthumb -D__REDLIB__ -fstack-usage -specs=redlib.specs -MMD -MP -MF"utilities/fsl_debug_console.d" -MT"utilities/fsl_debug_console.o" -MT"utilities/fsl_debug_console.d" -o "utilities/fsl_debug_console.o" "../utilities/fsl_debug_console.c"
Building file: ../source/semihost_hardfault.c
arm-none-eabi-gcc -D__REDLIB__ -DCPU_MKL25Z128VLK4 -DCPU_MKL25Z128VLK4_cm0plus -DSDK_OS_BAREMETAL -DFSL_RTOS_BM -DSDK_DEBUGCONSOLE=1 -DCR_INTEGER_PRINTF -DPRINTF_FLOAT_ENABLE=0 -D__MCUXPRESSO -D__USE_CMSIS -DDEBUG -I"/home/sesgaro/Documents/MCUXpresso_25.6.136/workspace/practica_uart/board" -I"/home/sesgaro/Documents/MCUXpresso_25.6.136/workspace/practica_uart/source" -I"/home/sesgaro/Documents/MCUXpresso_25.6.136/workspace/practica_uart" -I"/home/sesgaro/Documents/MCUXpresso_25.6.136/workspace/practica_uart/drivers" -I"/home/sesgaro/Documents/MCUXpresso_25.6.136/workspace/practica_uart/startup" -I"/home/sesgaro/Documents/MCUXpresso_25.6.136/workspace/practica_uart/utilities" -I"/home/sesgaro/Documents/MCUXpresso_25.6.136/workspace/practica_uart/CMSIS" -O0 -fno-common -g3 -gdwarf-4 -Wall -c -fmessage-length=0 -fno-builtin -ffunction-sections -fdata-sections -fmerge-constants -fmacro-prefix-map="../startup/"= -mcpu=cortex-m0plus -mthumb -D__REDLIB__ -fstack-usage -specs=redlib.specs -MMD -MP -MF"startup/startup_mkl25z4.d" -MT"startup/startup_mkl25z4.o" -MT"startup/startup_mkl25z4.d" -o "startup/startup_mkl25z4.o" "../startup/startup_mkl25z4.c"
arm-none-eabi-gcc -D__REDLIB__ -DCPU_MKL25Z128VLK4 -DCPU_MKL25Z128VLK4_cm0plus -DSDK_OS_BAREMETAL -DFSL_RTOS_BM -DSDK_DEBUGCONSOLE=1 -DCR_INTEGER_PRINTF -DPRINTF_FLOAT_ENABLE=0 -D__MCUXPRESSO -D__USE_CMSIS -DDEBUG -I"/home/sesgaro/Documents/MCUXpresso_25.6.136/workspace/practica_uart/board" -I"/home/sesgaro/Documents/MCUXpresso_25.6.136/workspace/practica_uart/source" -I"/home/sesgaro/Documents/MCUXpresso_25.6.136/workspace/practica_uart" -I"/home/sesgaro/Documents/MCUXpresso_25.6.136/workspace/practica_uart/drivers" -I"/home/sesgaro/Documents/MCUXpresso_25.6.136/workspace/practica_uart/startup" -I"/home/sesgaro/Documents/MCUXpresso_25.6.136/workspace/practica_uart/utilities" -I"/home/sesgaro/Documents/MCUXpresso_25.6.136/workspace/practica_uart/CMSIS" -O0 -fno-common -g3 -gdwarf-4 -Wall -c -fmessage-length=0 -fno-builtin -ffunction-sections -fdata-sections -fmerge-constants -fmacro-prefix-map="../source/"= -mcpu=cortex-m0plus -mthumb -D__REDLIB__ -fstack-usage -specs=redlib.specs -MMD -MP -MF"source/mtb.d" -MT"source/mtb.o" -MT"source/mtb.d" -o "source/mtb.o" "../source/mtb.c"
Invoking: MCU C Compiler
arm-none-eabi-gcc -D__REDLIB__ -DCPU_MKL25Z128VLK4 -DCPU_MKL25Z128VLK4_cm0plus -DSDK_OS_BAREMETAL -DFSL_RTOS_BM -DSDK_DEBUGCONSOLE=1 -DCR_INTEGER_PRINTF -DPRINTF_FLOAT_ENABLE=0 -D__MCUXPRESSO -D__USE_CMSIS -DDEBUG -I"/home/sesgaro/Documents/MCUXpresso_25.6.136/workspace/practica_uart/board" -I"/home/sesgaro/Documents/MCUXpresso_25.6.136/workspace/practica_uart/source" -I"/home/sesgaro/Documents/MCUXpresso_25.6.136/workspace/practica_uart" -I"/home/sesgaro/Documents/MCUXpresso_25.6.136/workspace/practica_uart/drivers" -I"/home/sesgaro/Documents/MCUXpresso_25.6.136/workspace/practica_uart/startup" -I"/home/sesgaro/Documents/MCUXpresso_25.6.136/workspace/practica_uart/utilities" -I"/home/sesgaro/Documents/MCUXpresso_25.6.136/workspace/practica_uart/CMSIS" -O0 -fno-common -g3 -gdwarf-4 -Wall -c -fmessage-length=0 -fno-builtin -ffunction-sections -fdata-sections -fmerge-constants -fmacro-prefix-map="../source/"= -mcpu=cortex-m0plus -mthumb -D__REDLIB__ -fstack-usage -specs=redlib.specs -MMD -MP -MF"source/practica_uart.d" -MT"source/practica_uart.o" -MT"source/practica_uart.d" -o "source/practica_uart.o" "../source/practica_uart.c"
Invoking: MCU C Compiler
Building file: ../drivers/fsl_clock.c
arm-none-eabi-gcc -D__REDLIB__ -DCPU_MKL25Z128VLK4 -DCPU_MKL25Z128VLK4_cm0plus -DSDK_OS_BAREMETAL -DFSL_RTOS_BM -DSDK_DEBUGCONSOLE=1 -DCR_INTEGER_PRINTF -DPRINTF_FLOAT_ENABLE=0 -D__MCUXPRESSO -D__USE_CMSIS -DDEBUG -I"/home/sesgaro/Documents/MCUXpresso_25.6.136/workspace/practica_uart/board" -I"/home/sesgaro/Documents/MCUXpresso_25.6.136/workspace/practica_uart/source" -I"/home/sesgaro/Documents/MCUXpresso_25.6.136/workspace/practica_uart" -I"/home/sesgaro/Documents/MCUXpresso_25.6.136/workspace/practica_uart/drivers" -I"/home/sesgaro/Documents/MCUXpresso_25.6.136/workspace/practica_uart/startup" -I"/home/sesgaro/Documents/MCUXpresso_25.6.136/workspace/practica_uart/utilities" -I"/home/sesgaro/Documents/MCUXpresso_25.6.136/workspace/practica_uart/CMSIS" -O0 -fno-common -g3 -gdwarf-4 -Wall -c -fmessage-length=0 -fno-builtin -ffunction-sections -fdata-sections -fmerge-constants -fmacro-prefix-map="../source/"= -mcpu=cortex-m0plus -mthumb -D__REDLIB__ -fstack-usage -specs=redlib.specs -MMD -MP -MF"source/semihost_hardfault.d" -MT"source/semihost_hardfault.o" -MT"source/semihost_hardfault.d" -o "source/semihost_hardfault.o" "../source/semihost_hardfault.c"
Building file: ../drivers/fsl_common.c
Invoking: MCU C Compiler
Building file: ../drivers/fsl_flash.c
arm-none-eabi-gcc -D__REDLIB__ -DCPU_MKL25Z128VLK4 -DCPU_MKL25Z128VLK4_cm0plus -DSDK_OS_BAREMETAL -DFSL_RTOS_BM -DSDK_DEBUGCONSOLE=1 -DCR_INTEGER_PRINTF -DPRINTF_FLOAT_ENABLE=0 -D__MCUXPRESSO -D__USE_CMSIS -DDEBUG -I"/home/sesgaro/Documents/MCUXpresso_25.6.136/workspace/practica_uart/board" -I"/home/sesgaro/Documents/MCUXpresso_25.6.136/workspace/practica_uart/source" -I"/home/sesgaro/Documents/MCUXpresso_25.6.136/workspace/practica_uart" -I"/home/sesgaro/Documents/MCUXpresso_25.6.136/workspace/practica_uart/drivers" -I"/home/sesgaro/Documents/MCUXpresso_25.6.136/workspace/practica_uart/startup" -I"/home/sesgaro/Documents/MCUXpresso_25.6.136/workspace/practica_uart/utilities" -I"/home/sesgaro/Documents/MCUXpresso_25.6.136/workspace/practica_uart/CMSIS" -O0 -fno-common -g3 -gdwarf-4 -Wall -c -fmessage-length=0 -fno-builtin -ffunction-sections -fdata-sections -fmerge-constants -fmacro-prefix-map="../drivers/"= -mcpu=cortex-m0plus -mthumb -D__REDLIB__ -fstack-usage -specs=redlib.specs -MMD -MP -MF"drivers/fsl_clock.d" -MT"drivers/fsl_clock.o" -MT"drivers/fsl_clock.d" -o "drivers/fsl_clock.o" "../drivers/fsl_clock.c"
Invoking: MCU C Compiler
arm-none-eabi-gcc -D__REDLIB__ -DCPU_MKL25Z128VLK4 -DCPU_MKL25Z128VLK4_cm0plus -DSDK_OS_BAREMETAL -DFSL_RTOS_BM -DSDK_DEBUGCONSOLE=1 -DCR_INTEGER_PRINTF -DPRINTF_FLOAT_ENABLE=0 -D__MCUXPRESSO -D__USE_CMSIS -DDEBUG -I"/home/sesgaro/Documents/MCUXpresso_25.6.136/workspace/practica_uart/board" -I"/home/sesgaro/Documents/MCUXpresso_25.6.136/workspace/practica_uart/source" -I"/home/sesgaro/Documents/MCUXpresso_25.6.136/workspace/practica_uart" -I"/home/sesgaro/Documents/MCUXpresso_25.6.136/workspace/practica_uart/drivers" -I"/home/sesgaro/Documents/MCUXpresso_25.6.136/workspace/practica_uart/startup" -I"/home/sesgaro/Documents/MCUXpresso_25.6.136/workspace/practica_uart/utilities" -I"/home/sesgaro/Documents/MCUXpresso_25.6.136/workspace/practica_uart/CMSIS" -O0 -fno-common -g3 -gdwarf-4 -Wall -c -fmessage-length=0 -fno-builtin -ffunction-sections -fdata-sections -fmerge-constants -fmacro-prefix-map="../drivers/"= -mcpu=cortex-m0plus -mthumb -D__REDLIB__ -fstack-usage -specs=redlib.specs -MMD -MP -MF"drivers/fsl_common.d" -MT"drivers/fsl_common.o" -MT"drivers/fsl_common.d" -o "drivers/fsl_common.o" "../drivers/fsl_common.c"
Invoking: MCU C Compiler
arm-none-eabi-gcc -D__REDLIB__ -DCPU_MKL25Z128VLK4 -DCPU_MKL25Z128VLK4_cm0plus -DSDK_OS_BAREMETAL -DFSL_RTOS_BM -DSDK_DEBUGCONSOLE=1 -DCR_INTEGER_PRINTF -DPRINTF_FLOAT_ENABLE=0 -D__MCUXPRESSO -D__USE_CMSIS -DDEBUG -I"/home/sesgaro/Documents/MCUXpresso_25.6.136/workspace/practica_uart/board" -I"/home/sesgaro/Documents/MCUXpresso_25.6.136/workspace/practica_uart/source" -I"/home/sesgaro/Documents/MCUXpresso_25.6.136/workspace/practica_uart" -I"/home/sesgaro/Documents/MCUXpresso_25.6.136/workspace/practica_uart/drivers" -I"/home/sesgaro/Documents/MCUXpresso_25.6.136/workspace/practica_uart/startup" -I"/home/sesgaro/Documents/MCUXpresso_25.6.136/workspace/practica_uart/utilities" -I"/home/sesgaro/Documents/MCUXpresso_25.6.136/workspace/practica_uart/CMSIS" -O0 -fno-common -g3 -gdwarf-4 -Wall -c -fmessage-length=0 -fno-builtin -ffunction-sections -fdata-sections -fmerge-constants -fmacro-prefix-map="../drivers/"= -mcpu=cortex-m0plus -mthumb -D__REDLIB__ -fstack-usage -specs=redlib.specs -MMD -MP -MF"drivers/fsl_flash.d" -MT"drivers/fsl_flash.o" -MT"drivers/fsl_flash.d" -o "drivers/fsl_flash.o" "../drivers/fsl_flash.c"
Building file: ../drivers/fsl_gpio.c
Building file: ../drivers/fsl_lpsci.c
Building file: ../drivers/fsl_smc.c
Invoking: MCU C Compiler
Building file: ../drivers/fsl_uart.c
arm-none-eabi-gcc -D__REDLIB__ -DCPU_MKL25Z128VLK4 -DCPU_MKL25Z128VLK4_cm0plus -DSDK_OS_BAREMETAL -DFSL_RTOS_BM -DSDK_DEBUGCONSOLE=1 -DCR_INTEGER_PRINTF -DPRINTF_FLOAT_ENABLE=0 -D__MCUXPRESSO -D__USE_CMSIS -DDEBUG -I"/home/sesgaro/Documents/MCUXpresso_25.6.136/workspace/practica_uart/board" -I"/home/sesgaro/Documents/MCUXpresso_25.6.136/workspace/practica_uart/source" -I"/home/sesgaro/Documents/MCUXpresso_25.6.136/workspace/practica_uart" -I"/home/sesgaro/Documents/MCUXpresso_25.6.136/workspace/practica_uart/drivers" -I"/home/sesgaro/Documents/MCUXpresso_25.6.136/workspace/practica_uart/startup" -I"/home/sesgaro/Documents/MCUXpresso_25.6.136/workspace/practica_uart/utilities" -I"/home/sesgaro/Documents/MCUXpresso_25.6.136/workspace/practica_uart/CMSIS" -O0 -fno-common -g3 -gdwarf-4 -Wall -c -fmessage-length=0 -fno-builtin -ffunction-sections -fdata-sections -fmerge-constants -fmacro-prefix-map="../drivers/"= -mcpu=cortex-m0plus -mthumb -D__REDLIB__ -fstack-usage -specs=redlib.specs -MMD -MP -MF"drivers/fsl_gpio.d" -MT"drivers/fsl_gpio.o" -MT"drivers/fsl_gpio.d" -o "drivers/fsl_gpio.o" "../drivers/fsl_gpio.c"
Invoking: MCU C Compiler
Invoking: MCU C Compiler
arm-none-eabi-gcc -D__REDLIB__ -DCPU_MKL25Z128VLK4 -DCPU_MKL25Z128VLK4_cm0plus -DSDK_OS_BAREMETAL -DFSL_RTOS_BM -DSDK_DEBUGCONSOLE=1 -DCR_INTEGER_PRINTF -DPRINTF_FLOAT_ENABLE=0 -D__MCUXPRESSO -D__USE_CMSIS -DDEBUG -I"/home/sesgaro/Documents/MCUXpresso_25.6.136/workspace/practica_uart/board" -I"/home/sesgaro/Documents/MCUXpresso_25.6.136/workspace/practica_uart/source" -I"/home/sesgaro/Documents/MCUXpresso_25.6.136/workspace/practica_uart" -I"/home/sesgaro/Documents/MCUXpresso_25.6.136/workspace/practica_uart/drivers" -I"/home/sesgaro/Documents/MCUXpresso_25.6.136/workspace/practica_uart/startup" -I"/home/sesgaro/Documents/MCUXpresso_25.6.136/workspace/practica_uart/utilities" -I"/home/sesgaro/Documents/MCUXpresso_25.6.136/workspace/practica_uart/CMSIS" -O0 -fno-common -g3 -gdwarf-4 -Wall -c -fmessage-length=0 -fno-builtin -ffunction-sections -fdata-sections -fmerge-constants -fmacro-prefix-map="../drivers/"= -mcpu=cortex-m0plus -mthumb -D__REDLIB__ -fstack-usage -specs=redlib.specs -MMD -MP -MF"drivers/fsl_lpsci.d" -MT"drivers/fsl_lpsci.o" -MT"drivers/fsl_lpsci.d" -o "drivers/fsl_lpsci.o" "../drivers/fsl_lpsci.c"
In file included from ../source/practica_uart.c:1:
/home/sesgaro/Documents/MCUXpresso_25.6.136/workspace/practica_uart/CMSIS/MKL25Z4.h:3926:51: error: expected declaration specifiers or '...' before '(' token
[...]
Invoking: MCU C Compiler
Invoking: MCU C Compiler
arm-none-eabi-gcc -D__REDLIB__ -DCPU_MKL25Z128VLK4 -DCPU_MKL25Z128VLK4_cm0plus -DSDK_OS_BAREMETAL -DFSL_RTOS_BM -DSDK_DEBUGCONSOLE=1 -DCR_INTEGER_PRINTF -DPRINTF_FLOAT_ENABLE=0 -D__MCUXPRESSO -D__USE_CMSIS -DDEBUG -I"/home/sesgaro/Documents/MCUXpresso_25.6.136/workspace/Practica_uart_isr/board" -I"/home/sesgaro/Documents/MCUXpresso_25.6.136/workspace/Practica_uart_isr/source" -I"/home/sesgaro/Documents/MCUXpresso_25.6.136/workspace/Practica_uart_isr" -I"/home/sesgaro/Documents/MCUXpresso_25.6.136/workspace/Practica_uart_isr/drivers" -I"/home/sesgaro/Documents/MCUXpresso_25.6.136/workspace/Practica_uart_isr/startup" -I"/home/sesgaro/Documents/MCUXpresso_25.6.136/workspace/Practica_uart_isr/utilities" -I"/home/sesgaro/Documents/MCUXpresso_25.6.136/workspace/Practica_uart_isr/CMSIS" -O0 -fno-common -g3 -gdwarf-4 -Wall -c -fmessage-length=0 -fno-builtin -ffunction-sections -fdata-sections -fmerge-constants -fmacro-prefix-map="../source/"= -mcpu=cortex-m0plus -mthumb -D__REDLIB__ -fstack-usage -specs=redlib.specs -MMD -MP -MF"source/mtb.d" -MT"source/mtb.o" -MT"source/mtb.d" -o "source/mtb.o" "../source/mtb.c"
Building file: ../drivers/fsl_clock.c
arm-none-eabi-gcc -D__REDLIB__ -DCPU_MKL25Z128VLK4 -DCPU_MKL25Z128VLK4_cm0plus -DSDK_OS_BAREMETAL -DFSL_RTOS_BM -DSDK_DEBUGCONSOLE=1 -DCR_INTEGER_PRINTF -DPRINTF_FLOAT_ENABLE=0 -D__MCUXPRESSO -D__USE_CMSIS -DDEBUG -I"/home/sesgaro/Documents/MCUXpresso_25.6.136/workspace/Practica_uart_isr/board" -I"/home/sesgaro/Documents/MCUXpresso_25.6.136/workspace/Practica_uart_isr/source" -I"/home/sesgaro/Documents/MCUXpresso_25.6.136/workspace/Practica_uart_isr" -I"/home/sesgaro/Documents/MCUXpresso_25.6.136/workspace/Practica_uart_isr/drivers" -I"/home/sesgaro/Documents/MCUXpresso_25.6.136/workspace/Practica_uart_isr/startup" -I"/home/sesgaro/Documents/MCUXpresso_25.6.136/workspace/Practica_uart_isr/utilities" -I"/home/sesgaro/Documents/MCUXpresso_25.6.136/workspace/Practica_uart_isr/CMSIS" -O0 -fno-common -g3 -gdwarf-4 -Wall -c -fmessage-length=0 -fno-builtin -ffunction-sections -fdata-sections -fmerge-constants -fmacro-prefix-map="../source/"= -mcpu=cortex-m0plus -mthumb -D__REDLIB__ -fstack-usage -specs=redlib.specs -MMD -MP -MF"source/semihost_hardfault.d" -MT"source/semihost_hardfault.o" -MT"source/semihost_hardfault.d" -o "source/semihost_hardfault.o" "../source/semihost_hardfault.c"
Invoking: MCU C Compiler
arm-none-eabi-gcc -D__REDLIB__ -DCPU_MKL25Z128VLK4 -DCPU_MKL25Z128VLK4_cm0plus -DSDK_OS_BAREMETAL -DFSL_RTOS_BM -DSDK_DEBUGCONSOLE=1 -DCR_INTEGER_PRINTF -DPRINTF_FLOAT_ENABLE=0 -D__MCUXPRESSO -D__USE_CMSIS -DDEBUG -I"/home/sesgaro/Documents/MCUXpresso_25.6.136/workspace/Practica_uart_isr/board" -I"/home/sesgaro/Documents/MCUXpresso_25.6.136/workspace/Practica_uart_isr/source" -I"/home/sesgaro/Documents/MCUXpresso_25.6.136/workspace/Practica_uart_isr" -I"/home/sesgaro/Documents/MCUXpresso_25.6.136/workspace/Practica_uart_isr/drivers" -I"/home/sesgaro/Documents/MCUXpresso_25.6.136/workspace/Practica_uart_isr/startup" -I"/home/sesgaro/Documents/MCUXpresso_25.6.136/workspace/Practica_uart_isr/utilities" -I"/home/sesgaro/Documents/MCUXpresso_25.6.136/workspace/Practica_uart_isr/CMSIS" -O0 -fno-common -g3 -gdwarf-4 -Wall -c -fmessage-length=0 -fno-builtin -ffunction-sections -fdata-sections -fmerge-constants -fmacro-prefix-map="../drivers/"= -mcpu=cortex-m0plus -mthumb -D__REDLIB__ -fstack-usage -specs=redlib.specs -MMD -MP -MF"drivers/fsl_clock.d" -MT"drivers/fsl_clock.o" -MT"drivers/fsl_clock.d" -o "drivers/fsl_clock.o" "../drivers/fsl_clock.c"
Building file: ../drivers/fsl_common.c
Building file: ../drivers/fsl_flash.c
Building file: ../drivers/fsl_gpio.c
Building file: ../drivers/fsl_lpsci.c
Invoking: MCU C Compiler
Invoking: MCU C Compiler
Invoking: MCU C Compiler
Invoking: MCU C Compiler
Building file: ../drivers/fsl_smc.c
arm-none-eabi-gcc -D__REDLIB__ -DCPU_MKL25Z128VLK4 -DCPU_MKL25Z128VLK4_cm0plus -DSDK_OS_BAREMETAL -DFSL_RTOS_BM -DSDK_DEBUGCONSOLE=1 -DCR_INTEGER_PRINTF -DPRINTF_FLOAT_ENABLE=0 -D__MCUXPRESSO -D__USE_CMSIS -DDEBUG -I"/home/sesgaro/Documents/MCUXpresso_25.6.136/workspace/Practica_uart_isr/board" -I"/home/sesgaro/Documents/MCUXpresso_25.6.136/workspace/Practica_uart_isr/source" -I"/home/sesgaro/Documents/MCUXpresso_25.6.136/workspace/Practica_uart_isr" -I"/home/sesgaro/Documents/MCUXpresso_25.6.136/workspace/Practica_uart_isr/drivers" -I"/home/sesgaro/Documents/MCUXpresso_25.6.136/workspace/Practica_uart_isr/startup" -I"/home/sesgaro/Documents/MCUXpresso_25.6.136/workspace/Practica_uart_isr/utilities" -I"/home/sesgaro/Documents/MCUXpresso_25.6.136/workspace/Practica_uart_isr/CMSIS" -O0 -fno-common -g3 -gdwarf-4 -Wall -c -fmessage-length=0 -fno-builtin -ffunction-sections -fdata-sections -fmerge-constants -fmacro-prefix-map="../drivers/"= -mcpu=cortex-m0plus -mthumb -D__REDLIB__ -fstack-usage -specs=redlib.specs -MMD -MP -MF"drivers/fsl_common.d" -MT"drivers/fsl_common.o" -MT"drivers/fsl_common.d" -o "drivers/fsl_common.o" "../drivers/fsl_common.c"
arm-none-eabi-gcc -D__REDLIB__ -DCPU_MKL25Z128VLK4 -DCPU_MKL25Z128VLK4_cm0plus -DSDK_OS_BAREMETAL -DFSL_RTOS_BM -DSDK_DEBUGCONSOLE=1 -DCR_INTEGER_PRINTF -DPRINTF_FLOAT_ENABLE=0 -D__MCUXPRESSO -D__USE_CMSIS -DDEBUG -I"/home/sesgaro/Documents/MCUXpresso_25.6.136/workspace/Practica_uart_isr/board" -I"/home/sesgaro/Documents/MCUXpresso_25.6.136/workspace/Practica_uart_isr/source" -I"/home/sesgaro/Documents/MCUXpresso_25.6.136/workspace/Practica_uart_isr" -I"/home/sesgaro/Documents/MCUXpresso_25.6.136/workspace/Practica_uart_isr/drivers" -I"/home/sesgaro/Documents/MCUXpresso_25.6.136/workspace/Practica_uart_isr/startup" -I"/home/sesgaro/Documents/MCUXpresso_25.6.136/workspace/Practica_uart_isr/utilities" -I"/home/sesgaro/Documents/MCUXpresso_25.6.136/workspace/Practica_uart_isr/CMSIS" -O0 -fno-common -g3 -gdwarf-4 -Wall -c -fmessage-length=0 -fno-builtin -ffunction-sections -fdata-sections -fmerge-constants -fmacro-prefix-map="../drivers/"= -mcpu=cortex-m0plus -mthumb -D__REDLIB__ -fstack-usage -specs=redlib.specs -MMD -MP -MF"drivers/fsl_flash.d" -MT"drivers/fsl_flash.o" -MT"drivers/fsl_flash.d" -o "drivers/fsl_flash.o" "../drivers/fsl_flash.c"
arm-none-eabi-gcc -D__REDLIB__ -DCPU_MKL25Z128VLK4 -DCPU_MKL25Z128VLK4_cm0plus -DSDK_OS_BAREMETAL -DFSL_RTOS_BM -DSDK_DEBUGCONSOLE=1 -DCR_INTEGER_PRINTF -DPRINTF_FLOAT_ENABLE=0 -D__MCUXPRESSO -D__USE_CMSIS -DDEBUG -I"/home/sesgaro/Documents/MCUXpresso_25.6.136/workspace/Practica_uart_isr/board" -I"/home/sesgaro/Documents/MCUXpresso_25.6.136/workspace/Practica_uart_isr/source" -I"/home/sesgaro/Documents/MCUXpresso_25.6.136/workspace/Practica_uart_isr" -I"/home/sesgaro/Documents/MCUXpresso_25.6.136/workspace/Practica_uart_isr/drivers" -I"/home/sesgaro/Documents/MCUXpresso_25.6.136/workspace/Practica_uart_isr/startup" -I"/home/sesgaro/Documents/MCUXpresso_25.6.136/workspace/Practica_uart_isr/utilities" -I"/home/sesgaro/Documents/MCUXpresso_25.6.136/workspace/Practica_uart_isr/CMSIS" -O0 -fno-common -g3 -gdwarf-4 -Wall -c -fmessage-length=0 -fno-builtin -ffunction-sections -fdata-sections -fmerge-constants -fmacro-prefix-map="../drivers/"= -mcpu=cortex-m0plus -mthumb -D__REDLIB__ -fstack-usage -specs=redlib.specs -MMD -MP -MF"drivers/fsl_gpio.d" -MT"drivers/fsl_gpio.o" -MT"drivers/fsl_gpio.d" -o "drivers/fsl_gpio.o" "../drivers/fsl_gpio.c"
arm-none-eabi-gcc -D__REDLIB__ -DCPU_MKL25Z128VLK4 -DCPU_MKL25Z128VLK4_cm0plus -DSDK_OS_BAREMETAL -DFSL_RTOS_BM -DSDK_DEBUGCONSOLE=1 -DCR_INTEGER_PRINTF -DPRINTF_FLOAT_ENABLE=0 -D__MCUXPRESSO -D__USE_CMSIS -DDEBUG -I"/home/sesgaro/Documents/MCUXpresso_25.6.136/workspace/Practica_uart_isr/board" -I"/home/sesgaro/Documents/MCUXpresso_25.6.136/workspace/Practica_uart_isr/source" -I"/home/sesgaro/Documents/MCUXpresso_25.6.136/workspace/Practica_uart_isr" -I"/home/sesgaro/Documents/MCUXpresso_25.6.136/workspace/Practica_uart_isr/drivers" -I"/home/sesgaro/Documents/MCUXpresso_25.6.136/workspace/Practica_uart_isr/startup" -I"/home/sesgaro/Documents/MCUXpresso_25.6.136/workspace/Practica_uart_isr/utilities" -I"/home/sesgaro/Documents/MCUXpresso_25.6.136/workspace/Practica_uart_isr/CMSIS" -O0 -fno-common -g3 -gdwarf-4 -Wall -c -fmessage-length=0 -fno-builtin -ffunction-sections -fdata-sections -fmerge-constants -fmacro-prefix-map="../drivers/"= -mcpu=cortex-m0plus -mthumb -D__REDLIB__ -fstack-usage -specs=redlib.specs -MMD -MP -MF"drivers/fsl_lpsci.d" -MT"drivers/fsl_lpsci.o" -MT"drivers/fsl_lpsci.d" -o "drivers/fsl_lpsci.o" "../drivers/fsl_lpsci.c"
Invoking: MCU C Compiler
arm-none-eabi-gcc -D__REDLIB__ -DCPU_MKL25Z128VLK4 -DCPU_MKL25Z128VLK4_cm0plus -DSDK_OS_BAREMETAL -DFSL_RTOS_BM -DSDK_DEBUGCONSOLE=1 -DCR_INTEGER_PRINTF -DPRINTF_FLOAT_ENABLE=0 -D__MCUXPRESSO -D__USE_CMSIS -DDEBUG -I"/home/sesgaro/Documents/MCUXpresso_25.6.136/workspace/Practica_uart_isr/board" -I"/home/sesgaro/Documents/MCUXpresso_25.6.136/workspace/Practica_uart_isr/source" -I"/home/sesgaro/Documents/MCUXpresso_25.6.136/workspace/Practica_uart_isr" -I"/home/sesgaro/Documents/MCUXpresso_25.6.136/workspace/Practica_uart_isr/drivers" -I"/home/sesgaro/Documents/MCUXpresso_25.6.136/workspace/Practica_uart_isr/startup" -I"/home/sesgaro/Documents/MCUXpresso_25.6.136/workspace/Practica_uart_isr/utilities" -I"/home/sesgaro/Documents/MCUXpresso_25.6.136/workspace/Practica_uart_isr/CMSIS" -O0 -fno-common -g3 -gdwarf-4 -Wall -c -fmessage-length=0 -fno-builtin -ffunction-sections -fdata-sections -fmerge-constants -fmacro-prefix-map="../drivers/"= -mcpu=cortex-m0plus -mthumb -D__REDLIB__ -fstack-usage -specs=redlib.specs -MMD -MP -MF"drivers/fsl_smc.d" -MT"drivers/fsl_smc.o" -MT"drivers/fsl_smc.d" -o "drivers/fsl_smc.o" "../drivers/fsl_smc.c"
Building file: ../drivers/fsl_uart.c
Building file: ../board/board.c
Building file: ../board/clock_config.c
Invoking: MCU C Compiler
Invoking: MCU C Compiler
arm-none-eabi-gcc -D__REDLIB__ -DCPU_MKL25Z128VLK4 -DCPU_MKL25Z128VLK4_cm0plus -DSDK_OS_BAREMETAL -DFSL_RTOS_BM -DSDK_DEBUGCONSOLE=1 -DCR_INTEGER_PRINTF -DPRINTF_FLOAT_ENABLE=0 -D__MCUXPRESSO -D__USE_CMSIS -DDEBUG -I"/home/sesgaro/Documents/MCUXpresso_25.6.136/workspace/Practica_uart_isr/board" -I"/home/sesgaro/Documents/MCUXpresso_25.6.136/workspace/Practica_uart_isr/source" -I"/home/sesgaro/Documents/MCUXpresso_25.6.136/workspace/Practica_uart_isr" -I"/home/sesgaro/Documents/MCUXpresso_25.6.136/workspace/Practica_uart_isr/drivers" -I"/home/sesgaro/Documents/MCUXpresso_25.6.136/workspace/Practica_uart_isr/startup" -I"/home/sesgaro/Documents/MCUXpresso_25.6.136/workspace/Practica_uart_isr/utilities" -I"/home/sesgaro/Documents/MCUXpresso_25.6.136/workspace/Practica_uart_isr/CMSIS" -O0 -fno-common -g3 -gdwarf-4 -Wall -c -fmessage-length=0 -fno-builtin -ffunction-sections -fdata-sections -fmerge-constants -fmacro-prefix-map="../drivers/"= -mcpu=cortex-m0plus -mthumb -D__REDLIB__ -fstack-usage -specs=redlib.specs -MMD -MP -MF"drivers/fsl_uart.d" -MT"drivers/fsl_uart.o" -MT"drivers/fsl_uart.d" -o "drivers/fsl_uart.o" "../drivers/fsl_uart.c"
Invoking: MCU C Compiler
arm-none-eabi-gcc -D__REDLIB__ -DCPU_MKL25Z128VLK4 -DCPU_MKL25Z128VLK4_cm0plus -DSDK_OS_BAREMETAL -DFSL_RTOS_BM -DSDK_DEBUGCONSOLE=1 -DCR_INTEGER_PRINTF -DPRINTF_FLOAT_ENABLE=0 -D__MCUXPRESSO -D__USE_CMSIS -DDEBUG -I"/home/sesgaro/Documents/MCUXpresso_25.6.136/workspace/Practica_uart_isr/board" -I"/home/sesgaro/Documents/MCUXpresso_25.6.136/workspace/Practica_uart_isr/source" -I"/home/sesgaro/Documents/MCUXpresso_25.6.136/workspace/Practica_uart_isr" -I"/home/sesgaro/Documents/MCUXpresso_25.6.136/workspace/Practica_uart_isr/drivers" -I"/home/sesgaro/Documents/MCUXpresso_25.6.136/workspace/Practica_uart_isr/startup" -I"/home/sesgaro/Documents/MCUXpresso_25.6.136/workspace/Practica_uart_isr/utilities" -I"/home/sesgaro/Documents/MCUXpresso_25.6.136/workspace/Practica_uart_isr/CMSIS" -O0 -fno-common -g3 -gdwarf-4 -Wall -c -fmessage-length=0 -fno-builtin -ffunction-sections -fdata-sections -fmerge-constants -fmacro-prefix-map="../board/"= -mcpu=cortex-m0plus -mthumb -D__REDLIB__ -fstack-usage -specs=redlib.specs -MMD -MP -MF"board/board.d" -MT"board/board.o" -MT"board/board.d" -o "board/board.o" "../board/board.c"
arm-none-eabi-gcc -D__REDLIB__ -DCPU_MKL25Z128VLK4 -DCPU_MKL25Z128VLK4_cm0plus -DSDK_OS_BAREMETAL -DFSL_RTOS_BM -DSDK_DEBUGCONSOLE=1 -DCR_INTEGER_PRINTF -DPRINTF_FLOAT_ENABLE=0 -D__MCUXPRESSO -D__USE_CMSIS -DDEBUG -I"/home/sesgaro/Documents/MCUXpresso_25.6.136/workspace/Practica_uart_isr/board" -I"/home/sesgaro/Documents/MCUXpresso_25.6.136/workspace/Practica_uart_isr/source" -I"/home/sesgaro/Documents/MCUXpresso_25.6.136/workspace/Practica_uart_isr" -I"/home/sesgaro/Documents/MCUXpresso_25.6.136/workspace/Practica_uart_isr/drivers" -I"/home/sesgaro/Documents/MCUXpresso_25.6.136/workspace/Practica_uart_isr/startup" -I"/home/sesgaro/Documents/MCUXpresso_25.6.136/workspace/Practica_uart_isr/utilities" -I"/home/sesgaro/Documents/MCUXpresso_25.6.136/workspace/Practica_uart_isr/CMSIS" -O0 -fno-common -g3 -gdwarf-4 -Wall -c -fmessage-length=0 -fno-builtin -ffunction-sections -fdata-sections -fmerge-constants -fmacro-prefix-map="../board/"= -mcpu=cortex-m0plus -mthumb -D__REDLIB__ -fstack-usage -specs=redlib.specs -MMD -MP -MF"board/clock_config.d" -MT"board/clock_config.o" -MT"board/clock_config.d" -o "board/clock_config.o" "../board/clock_config.c"
Building file: ../board/peripherals.c
Building file: ../board/pin_mux.c
Invoking: MCU C Compiler
arm-none-eabi-gcc -D__REDLIB__ -DCPU_MKL25Z128VLK4 -DCPU_MKL25Z128VLK4_cm0plus -DSDK_OS_BAREMETAL -DFSL_RTOS_BM -DSDK_DEBUGCONSOLE=1 -DCR_INTEGER_PRINTF -DPRINTF_FLOAT_ENABLE=0 -D__MCUXPRESSO -D__USE_CMSIS -DDEBUG -I"/home/sesgaro/Documents/MCUXpresso_25.6.136/workspace/Practica_uart_isr/board" -I"/home/sesgaro/Documents/MCUXpresso_25.6.136/workspace/Practica_uart_isr/source" -I"/home/sesgaro/Documents/MCUXpresso_25.6.136/workspace/Practica_uart_isr" -I"/home/sesgaro/Documents/MCUXpresso_25.6.136/workspace/Practica_uart_isr/drivers" -I"/home/sesgaro/Documents/MCUXpresso_25.6.136/workspace/Practica_uart_isr/startup" -I"/home/sesgaro/Documents/MCUXpresso_25.6.136/workspace/Practica_uart_isr/utilities" -I"/home/sesgaro/Documents/MCUXpresso_25.6.136/workspace/Practica_uart_isr/CMSIS" -O0 -fno-common -g3 -gdwarf-4 -Wall -c -fmessage-length=0 -fno-builtin -ffunction-sections -fdata-sections -fmerge-constants -fmacro-prefix-map="../board/"= -mcpu=cortex-m0plus -mthumb -D__REDLIB__ -fstack-usage -specs=redlib.specs -MMD -MP -MF"board/peripherals.d" -MT"board/peripherals.o" -MT"board/peripherals.d" -o "board/peripherals.o" "../board/peripherals.c"
Invoking: MCU C Compiler
arm-none-eabi-gcc -D__REDLIB__ -DCPU_MKL25Z128VLK4 -DCPU_MKL25Z128VLK4_cm0plus -DSDK_OS_BAREMETAL -DFSL_RTOS_BM -DSDK_DEBUGCONSOLE=1 -DCR_INTEGER_PRINTF -DPRINTF_FLOAT_ENABLE=0 -D__MCUXPRESSO -D__USE_CMSIS -DDEBUG -I"/home/sesgaro/Documents/MCUXpresso_25.6.136/workspace/Practica_uart_isr/board" -I"/home/sesgaro/Documents/MCUXpresso_25.6.136/workspace/Practica_uart_isr/source" -I"/home/sesgaro/Documents/MCUXpresso_25.6.136/workspace/Practica_uart_isr" -I"/home/sesgaro/Documents/MCUXpresso_25.6.136/workspace/Practica_uart_isr/drivers" -I"/home/sesgaro/Documents/MCUXpresso_25.6.136/workspace/Practica_uart_isr/startup" -I"/home/sesgaro/Documents/MCUXpresso_25.6.136/workspace/Practica_uart_isr/utilities" -I"/home/sesgaro/Documents/MCUXpresso_25.6.136/workspace/Practica_uart_isr/CMSIS" -O0 -fno-common -g3 -gdwarf-4 -Wall -c -fmessage-length=0 -fno-builtin -ffunction-sections -fdata-sections -fmerge-constants -fmacro-prefix-map="../board/"= -mcpu=cortex-m0plus -mthumb -D__REDLIB__ -fstack-usage -specs=redlib.specs -MMD -MP -MF"board/pin_mux.d" -MT"board/pin_mux.o" -MT"board/pin_mux.d" -o "board/pin_mux.o" "../board/pin_mux.c"
Finished building: ../source/mtb.c
 
Building file: ../CMSIS/system_MKL25Z4.c
Finished building: ../board/peripherals.c
 
Invoking: MCU C Compiler
arm-none-eabi-gcc -D__REDLIB__ -DCPU_MKL25Z128VLK4 -DCPU_MKL25Z128VLK4_cm0plus -DSDK_OS_BAREMETAL -DFSL_RTOS_BM -DSDK_DEBUGCONSOLE=1 -DCR_INTEGER_PRINTF -DPRINTF_FLOAT_ENABLE=0 -D__MCUXPRESSO -D__USE_CMSIS -DDEBUG -I"/home/sesgaro/Documents/MCUXpresso_25.6.136/workspace/Practica_uart_isr/board" -I"/home/sesgaro/Documents/MCUXpresso_25.6.136/workspace/Practica_uart_isr/source" -I"/home/sesgaro/Documents/MCUXpresso_25.6.136/workspace/Practica_uart_isr" -I"/home/sesgaro/Documents/MCUXpresso_25.6.136/workspace/Practica_uart_isr/drivers" -I"/home/sesgaro/Documents/MCUXpresso_25.6.136/workspace/Practica_uart_isr/startup" -I"/home/sesgaro/Documents/MCUXpresso_25.6.136/workspace/Practica_uart_isr/utilities" -I"/home/sesgaro/Documents/MCUXpresso_25.6.136/workspace/Practica_uart_isr/CMSIS" -O0 -fno-common -g3 -gdwarf-4 -Wall -c -fmessage-length=0 -fno-builtin -ffunction-sections -fdata-sections -fmerge-constants -fmacro-prefix-map="../CMSIS/"= -mcpu=cortex-m0plus -mthumb -D__REDLIB__ -fstack-usage -specs=redlib.specs -MMD -MP -MF"CMSIS/system_MKL25Z4.d" -MT"CMSIS/system_MKL25Z4.o" -MT"CMSIS/system_MKL25Z4.d" -o "CMSIS/system_MKL25Z4.o" "../CMSIS/system_MKL25Z4.c"
Finished building: ../source/semihost_hardfault.c
 
../utilities/fsl_debug_console.c: In function 'DbgConsole_Getchar':
../utilities/fsl_debug_console.c:482:31: warning: 'ch' may be used uninitialized [-Wmaybe-uninitialized]
  482 |     while (kStatus_Success != s_debugConsole.ops.rx_union.GetChar(s_debugConsole.base, (uint8_t *)(&ch), 1))
Finished building: ../startup/startup_mkl25z4.c
      |                               ^~~~~~~~~~~~~~~~~~~~~~~~~~~~~~~~~~~~~~~~~~~~~~~~~~~~~~~~~~~~~~~~~~~~~~~~~~~~~
../utilities/fsl_debug_console.c:482:31: note: by argument 2 of type 'const uint8_t *' {aka 'const unsigned char *'} to 'status_t(void *, const uint8_t *, size_t)' {aka 'int(void *, const unsigned char *, unsigned int)'}
../utilities/fsl_debug_console.c:476:10: note: 'ch' declared here
 
  476 |     char ch;
      |          ^~
Finished building: ../drivers/fsl_common.c
Finished building: ../board/pin_mux.c
 
 
Finished building: ../board/clock_config.c
 
Finished building: ../source/Practica_uart_isr.c
 
Finished building: ../board/board.c
 
Finished building: ../drivers/fsl_gpio.c
 
Finished building: ../drivers/fsl_smc.c
 
Finished building: ../CMSIS/system_MKL25Z4.c
 
Finished building: ../utilities/fsl_debug_console.c
 
Finished building: ../drivers/fsl_lpsci.c
 
Finished building: ../drivers/fsl_uart.c
 
Finished building: ../drivers/fsl_flash.c
 
Finished building: ../drivers/fsl_clock.c
 
Building target: Practica_uart_isr.axf
Invoking: MCU Linker
arm-none-eabi-gcc -nostdlib -Xlinker -Map="Practica_uart_isr.map" -Xlinker --gc-sections -Xlinker -print-memory-usage -Xlinker --sort-section=alignment -Xlinker --cref -mcpu=cortex-m0plus -mthumb -T Practica_uart_isr_Debug.ld -o "Practica_uart_isr.axf" ./utilities/fsl_debug_console.o  ./startup/startup_mkl25z4.o  ./source/Practica_uart_isr.o ./source/mtb.o ./source/semihost_hardfault.o  ./drivers/fsl_clock.o ./drivers/fsl_common.o ./drivers/fsl_flash.o ./drivers/fsl_gpio.o ./drivers/fsl_lpsci.o ./drivers/fsl_smc.o ./drivers/fsl_uart.o  ./board/board.o ./board/clock_config.o ./board/peripherals.o ./board/pin_mux.o  ./CMSIS/system_MKL25Z4.o   
Memory region         Used Size  Region Size  %age Used
   PROGRAM_FLASH:        7428 B       128 KB      5.67%
            SRAM:        2996 B        16 KB     18.29%
Finished building target: Practica_uart_isr.axf
 
Performing post-build steps
arm-none-eabi-size "Practica_uart_isr.axf"; # arm-none-eabi-objcopy -v -O binary "Practica_uart_isr.axf" "Practica_uart_isr.bin" ; # checksum -p MKL25Z128xxx4 -d "Practica_uart_isr.bin";
   text	   data	    bss	    dec	    hex	filename
   7428	      0	   2996	  10424	   28b8	Practica_uart_isr.axf
 
