18:01:39 **** Build of configuration Debug for project MKL25Z4_TX ****
make -r -j16 all 
Building target: MKL25Z4_TX.axf
Invoking: MCU Linker
arm-none-eabi-gcc -nostdlib -Xlinker -Map="MKL25Z4_TX.map" -Xlinker --gc-sections -Xlinker -print-memory-usage -Xlinker --sort-section=alignment -Xlinker --cref -mcpu=cortex-m0plus -mthumb -T MKL25Z4_TX_Debug.ld -o "MKL25Z4_TX.axf" ./utilities/fsl_debug_console.o  ./startup/startup_mkl25z4.o  ./source/MKL25Z4_TX.o ./source/mtb.o ./source/semihost_hardfault.o  ./drivers/fsl_clock.o ./drivers/fsl_common.o ./drivers/fsl_flash.o ./drivers/fsl_gpio.o ./drivers/fsl_lpsci.o ./drivers/fsl_smc.o ./drivers/fsl_uart.o  ./board/board.o ./board/clock_config.o ./board/peripherals.o ./board/pin_mux.o  ./CMSIS/system_MKL25Z4.o   
Memory region         Used Size  Region Size  %age Used
   PROGRAM_FLASH:        2900 B       128 KB      2.21%
            SRAM:        2384 B        16 KB     14.55%
Finished building target: MKL25Z4_TX.axf
 
Performing post-build steps
arm-none-eabi-size "MKL25Z4_TX.axf"; # arm-none-eabi-objcopy -v -O binary "MKL25Z4_TX.axf" "MKL25Z4_TX.bin" ; # checksum -p MKL25Z128xxx4 -d "MKL25Z4_TX.bin";
   text	   data	    bss	    dec	    hex	filename
   2900	      0	   2384	   5284	   14a4	MKL25Z4_TX.axf
 

18:01:40 Build Finished. 0 errors, 0 warnings. (took 752ms)

